Archive member included to satisfy reference by file (symbol)

C:/ST/STM32CubeCLT_1.21.0/GNU-tools-for-STM32/bin/../lib/gcc/arm-none-eabi/14.3.1/../../../../arm-none-eabi/lib/thumb/v7e-m+dp/hard\libc_nano.a(libc_a-exit.o)
                              C:/ST/STM32CubeCLT_1.21.0/GNU-tools-for-STM32/bin/../lib/gcc/arm-none-eabi/14.3.1/../../../../arm-none-eabi/lib/thumb/v7e-m+dp/hard/crt0.o (exit)
C:/ST/STM32CubeCLT_1.21.0/GNU-tools-for-STM32/bin/../lib/gcc/arm-none-eabi/14.3.1/../../../../arm-none-eabi/lib/thumb/v7e-m+dp/hard\libc_nano.a(libc_a-findfp.o)
                              C:/ST/STM32CubeCLT_1.21.0/GNU-tools-for-STM32/bin/../lib/gcc/arm-none-eabi/14.3.1/../../../../arm-none-eabi/lib/thumb/v7e-m+dp/hard\libc_nano.a(libc_a-exit.o) (__stdio_exit_handler)
C:/ST/STM32CubeCLT_1.21.0/GNU-tools-for-STM32/bin/../lib/gcc/arm-none-eabi/14.3.1/../../../../arm-none-eabi/lib/thumb/v7e-m+dp/hard\libc_nano.a(libc_a-fwalk.o)
                              C:/ST/STM32CubeCLT_1.21.0/GNU-tools-for-STM32/bin/../lib/gcc/arm-none-eabi/14.3.1/../../../../arm-none-eabi/lib/thumb/v7e-m+dp/hard\libc_nano.a(libc_a-findfp.o) (_fwalk_sglue)
C:/ST/STM32CubeCLT_1.21.0/GNU-tools-for-STM32/bin/../lib/gcc/arm-none-eabi/14.3.1/../../../../arm-none-eabi/lib/thumb/v7e-m+dp/hard\libc_nano.a(libc_a-stdio.o)
                              C:/ST/STM32CubeCLT_1.21.0/GNU-tools-for-STM32/bin/../lib/gcc/arm-none-eabi/14.3.1/../../../../arm-none-eabi/lib/thumb/v7e-m+dp/hard\libc_nano.a(libc_a-findfp.o) (__sread)
C:/ST/STM32CubeCLT_1.21.0/GNU-tools-for-STM32/bin/../lib/gcc/arm-none-eabi/14.3.1/../../../../arm-none-eabi/lib/thumb/v7e-m+dp/hard\libc_nano.a(libc_a-memset.o)
                              C:/ST/STM32CubeCLT_1.21.0/GNU-tools-for-STM32/bin/../lib/gcc/arm-none-eabi/14.3.1/../../../../arm-none-eabi/lib/thumb/v7e-m+dp/hard/crt0.o (memset)
C:/ST/STM32CubeCLT_1.21.0/GNU-tools-for-STM32/bin/../lib/gcc/arm-none-eabi/14.3.1/../../../../arm-none-eabi/lib/thumb/v7e-m+dp/hard\libc_nano.a(libc_a-closer.o)
                              C:/ST/STM32CubeCLT_1.21.0/GNU-tools-for-STM32/bin/../lib/gcc/arm-none-eabi/14.3.1/../../../../arm-none-eabi/lib/thumb/v7e-m+dp/hard\libc_nano.a(libc_a-stdio.o) (_close_r)
C:/ST/STM32CubeCLT_1.21.0/GNU-tools-for-STM32/bin/../lib/gcc/arm-none-eabi/14.3.1/../../../../arm-none-eabi/lib/thumb/v7e-m+dp/hard\libc_nano.a(libc_a-reent.o)
                              C:/ST/STM32CubeCLT_1.21.0/GNU-tools-for-STM32/bin/../lib/gcc/arm-none-eabi/14.3.1/../../../../arm-none-eabi/lib/thumb/v7e-m+dp/hard\libc_nano.a(libc_a-closer.o) (errno)
C:/ST/STM32CubeCLT_1.21.0/GNU-tools-for-STM32/bin/../lib/gcc/arm-none-eabi/14.3.1/../../../../arm-none-eabi/lib/thumb/v7e-m+dp/hard\libc_nano.a(libc_a-impure.o)
                              C:/ST/STM32CubeCLT_1.21.0/GNU-tools-for-STM32/bin/../lib/gcc/arm-none-eabi/14.3.1/../../../../arm-none-eabi/lib/thumb/v7e-m+dp/hard\libc_nano.a(libc_a-reent.o) (_impure_ptr)
C:/ST/STM32CubeCLT_1.21.0/GNU-tools-for-STM32/bin/../lib/gcc/arm-none-eabi/14.3.1/../../../../arm-none-eabi/lib/thumb/v7e-m+dp/hard\libc_nano.a(libc_a-lseekr.o)
                              C:/ST/STM32CubeCLT_1.21.0/GNU-tools-for-STM32/bin/../lib/gcc/arm-none-eabi/14.3.1/../../../../arm-none-eabi/lib/thumb/v7e-m+dp/hard\libc_nano.a(libc_a-stdio.o) (_lseek_r)
C:/ST/STM32CubeCLT_1.21.0/GNU-tools-for-STM32/bin/../lib/gcc/arm-none-eabi/14.3.1/../../../../arm-none-eabi/lib/thumb/v7e-m+dp/hard\libc_nano.a(libc_a-readr.o)
                              C:/ST/STM32CubeCLT_1.21.0/GNU-tools-for-STM32/bin/../lib/gcc/arm-none-eabi/14.3.1/../../../../arm-none-eabi/lib/thumb/v7e-m+dp/hard\libc_nano.a(libc_a-stdio.o) (_read_r)
C:/ST/STM32CubeCLT_1.21.0/GNU-tools-for-STM32/bin/../lib/gcc/arm-none-eabi/14.3.1/../../../../arm-none-eabi/lib/thumb/v7e-m+dp/hard\libc_nano.a(libc_a-writer.o)
                              C:/ST/STM32CubeCLT_1.21.0/GNU-tools-for-STM32/bin/../lib/gcc/arm-none-eabi/14.3.1/../../../../arm-none-eabi/lib/thumb/v7e-m+dp/hard\libc_nano.a(libc_a-stdio.o) (_write_r)
C:/ST/STM32CubeCLT_1.21.0/GNU-tools-for-STM32/bin/../lib/gcc/arm-none-eabi/14.3.1/../../../../arm-none-eabi/lib/thumb/v7e-m+dp/hard\libc_nano.a(libc_a-init.o)
                              C:/ST/STM32CubeCLT_1.21.0/GNU-tools-for-STM32/bin/../lib/gcc/arm-none-eabi/14.3.1/../../../../arm-none-eabi/lib/thumb/v7e-m+dp/hard/crt0.o (__libc_init_array)
C:/ST/STM32CubeCLT_1.21.0/GNU-tools-for-STM32/bin/../lib/gcc/arm-none-eabi/14.3.1/../../../../arm-none-eabi/lib/thumb/v7e-m+dp/hard\libc_nano.a(libc_a-lock.o)
                              C:/ST/STM32CubeCLT_1.21.0/GNU-tools-for-STM32/bin/../lib/gcc/arm-none-eabi/14.3.1/../../../../arm-none-eabi/lib/thumb/v7e-m+dp/hard\libc_nano.a(libc_a-findfp.o) (__retarget_lock_init_recursive)
C:/ST/STM32CubeCLT_1.21.0/GNU-tools-for-STM32/bin/../lib/gcc/arm-none-eabi/14.3.1/../../../../arm-none-eabi/lib/thumb/v7e-m+dp/hard\libc_nano.a(libc_a-freer.o)
[...]
Memory Configuration

Name             Origin             Length             Attributes
FLASH            0x08000000         0x00020000         xr
RAM_DTCM         0x20000000         0x00020000         xrw
RAM_D1           0x24000000         0x00080000         xrw
RAM_D2           0x30000000         0x00048000         xrw
RAM_D3           0x38000000         0x00010000         xrw
*default*        0x00000000         0xffffffff

Linker script and memory map

LOAD C:/ST/STM32CubeCLT_1.21.0/GNU-tools-for-STM32/bin/../lib/gcc/arm-none-eabi/14.3.1/thumb/v7e-m+dp/hard/crti.o
LOAD C:/ST/STM32CubeCLT_1.21.0/GNU-tools-for-STM32/bin/../lib/gcc/arm-none-eabi/14.3.1/thumb/v7e-m+dp/hard/crtbegin.o
LOAD C:/ST/STM32CubeCLT_1.21.0/GNU-tools-for-STM32/bin/../lib/gcc/arm-none-eabi/14.3.1/../../../../arm-none-eabi/lib/thumb/v7e-m+dp/hard/crt0.o
LOAD build/Src/startup_stm32h750xx.o
LOAD build/Src/main.o
LOAD build/Src/system_stm32h7xx.o
LOAD build/Src/stm32h7xx_it.o
LOAD build/Src/stm32h7xx_hal_msp.o
LOAD build/Src/gpio.o
LOAD build/Src/dcmi.o
LOAD build/Src/dma.o
LOAD build/Src/i2c.o
LOAD build/Src/spi.o
LOAD build/Src/tim.o
LOAD build/Src/llie_pipeline.o
LOAD build/Src/llie_weights.o
LOAD build/Drivers/BSP/Camera/camera.o
LOAD build/Drivers/BSP/Camera/ov5640.o
LOAD build/Drivers/BSP/Camera/ov5640_regs.o
LOAD build/Drivers/BSP/ST7735/st7735_min.o
LOAD build/Drivers/STM32H7xx_HAL_Driver/Src/stm32h7xx_hal.o
LOAD build/Drivers/STM32H7xx_HAL_Driver/Src/stm32h7xx_hal_cortex.o
LOAD build/Drivers/STM32H7xx_HAL_Driver/Src/stm32h7xx_hal_dcmi.o
LOAD build/Drivers/STM32H7xx_HAL_Driver/Src/stm32h7xx_hal_dma.o
LOAD build/Drivers/STM32H7xx_HAL_Driver/Src/stm32h7xx_hal_dma_ex.o
LOAD build/Drivers/STM32H7xx_HAL_Driver/Src/stm32h7xx_hal_flash.o
LOAD build/Drivers/STM32H7xx_HAL_Driver/Src/stm32h7xx_hal_flash_ex.o
LOAD build/Drivers/STM32H7xx_HAL_Driver/Src/stm32h7xx_hal_gpio.o
LOAD build/Drivers/STM32H7xx_HAL_Driver/Src/stm32h7xx_hal_i2c.o
LOAD build/Drivers/STM32H7xx_HAL_Driver/Src/stm32h7xx_hal_i2c_ex.o
LOAD build/Drivers/STM32H7xx_HAL_Driver/Src/stm32h7xx_hal_pwr.o
LOAD build/Drivers/STM32H7xx_HAL_Driver/Src/stm32h7xx_hal_pwr_ex.o
LOAD build/Drivers/STM32H7xx_HAL_Driver/Src/stm32h7xx_hal_rcc.o
LOAD build/Drivers/STM32H7xx_HAL_Driver/Src/stm32h7xx_hal_rcc_ex.o
LOAD build/Drivers/STM32H7xx_HAL_Driver/Src/stm32h7xx_hal_spi.o
LOAD build/Drivers/STM32H7xx_HAL_Driver/Src/stm32h7xx_hal_spi_ex.o
LOAD build/Drivers/STM32H7xx_HAL_Driver/Src/stm32h7xx_hal_tim.o
LOAD build/Drivers/STM32H7xx_HAL_Driver/Src/stm32h7xx_hal_tim_ex.o
START GROUP
LOAD C:/ST/STM32CubeCLT_1.21.0/GNU-tools-for-STM32/bin/../lib/gcc/arm-none-eabi/14.3.1/thumb/v7e-m+dp/hard\libgcc.a
LOAD C:/ST/STM32CubeCLT_1.21.0/GNU-tools-for-STM32/bin/../lib/gcc/arm-none-eabi/14.3.1/../../../../arm-none-eabi/lib/thumb/v7e-m+dp/hard\libc_nano.a
END GROUP
START GROUP
LOAD C:/ST/STM32CubeCLT_1.21.0/GNU-tools-for-STM32/bin/../lib/gcc/arm-none-eabi/14.3.1/thumb/v7e-m+dp/hard\libgcc.a
LOAD C:/ST/STM32CubeCLT_1.21.0/GNU-tools-for-STM32/bin/../lib/gcc/arm-none-eabi/14.3.1/../../../../arm-none-eabi/lib/thumb/v7e-m+dp/hard\libc_nano.a
LOAD C:/ST/STM32CubeCLT_1.21.0/GNU-tools-for-STM32/bin/../lib/gcc/arm-none-eabi/14.3.1/../../../../arm-none-eabi/lib/thumb/v7e-m+dp/hard\libnosys.a
END GROUP
START GROUP
LOAD C:/ST/STM32CubeCLT_1.21.0/GNU-tools-for-STM32/bin/../lib/gcc/arm-none-eabi/14.3.1/thumb/v7e-m+dp/hard\libgcc.a
LOAD C:/ST/STM32CubeCLT_1.21.0/GNU-tools-for-STM32/bin/../lib/gcc/arm-none-eabi/14.3.1/../../../../arm-none-eabi/lib/thumb/v7e-m+dp/hard\libc_nano.a
LOAD C:/ST/STM32CubeCLT_1.21.0/GNU-tools-for-STM32/bin/../lib/gcc/arm-none-eabi/14.3.1/../../../../arm-none-eabi/lib/thumb/v7e-m+dp/hard\libnosys.a
END GROUP
LOAD C:/ST/STM32CubeCLT_1.21.0/GNU-tools-for-STM32/bin/../lib/gcc/arm-none-eabi/14.3.1/thumb/v7e-m+dp/hard/crtend.o
LOAD C:/ST/STM32CubeCLT_1.21.0/GNU-tools-for-STM32/bin/../lib/gcc/arm-none-eabi/14.3.1/thumb/v7e-m+dp/hard/crtn.o
                0x24080000                        _estack = (ORIGIN (RAM_D1) + LENGTH (RAM_D1))
                0x00000200                        _Min_Heap_Size = 0x200
                0x00000400                        _Min_Stack_Size = 0x400

.isr_vector     0x08000000      0x298
                0x08000000                        . = ALIGN (0x4)
 *(.isr_vector)
 .isr_vector    0x08000000      0x298 build/Src/startup_stm32h750xx.o
                0x08000000                g_pfnVectors
                0x08000298                        . = ALIGN (0x4)

.text           0x08000298     0x5920
                0x08000298                        . = ALIGN (0x4)
 *(.text)
 *(.text*)
 .text.Default_Handler
                0x08000298        0x2 build/Src/startup_stm32h750xx.o
                0x08000298                RTC_Alarm_IRQHandler
                0x08000298                HASH_RNG_IRQHandler
                0x08000298                EXTI2_IRQHandler
                0x08000298                TIM8_CC_IRQHandler
                0x08000298                HRTIM1_Master_IRQHandler
                0x08000298                UART8_IRQHandler
                0x08000298                SPI4_IRQHandler
                0x08000298                TIM1_CC_IRQHandler
                0x08000298                BDMA_Channel6_IRQHandler
                0x08000298                DMA2_Stream5_IRQHandler
                0x08000298                HRTIM1_FLT_IRQHandler
                0x08000298                JPEG_IRQHandler
                0x08000298                DMA1_Stream5_IRQHandler
                0x08000298                BDMA_Channel1_IRQHandler
                0x08000298                HRTIM1_TIMD_IRQHandler
                0x08000298                TAMP_STAMP_IRQHandler
                0x08000298                EXTI3_IRQHandler
                0x08000298                LPTIM4_IRQHandler
                0x08000298                TIM8_TRG_COM_TIM14_IRQHandler
                0x08000298                LPTIM2_IRQHandler
                0x08000298                DFSDM1_FLT1_IRQHandler
                0x08000298                DMAMUX2_OVR_IRQHandler
                0x08000298                TIM8_UP_TIM13_IRQHandler
                0x08000298                I2C3_ER_IRQHandler
                0x08000298                DFSDM1_FLT2_IRQHandler
                0x08000298                MDMA_IRQHandler
                0x08000298                LPTIM3_IRQHandler
                0x08000298                HSEM1_IRQHandler
                0x08000298                EXTI0_IRQHandler
                0x08000298                I2C2_EV_IRQHandler
                0x08000298                DMA1_Stream2_IRQHandler
                0x08000298                FPU_IRQHandler
                0x08000298                OTG_HS_WKUP_IRQHandler
                0x08000298                FDCAN1_IT1_IRQHandler
                0x08000298                LTDC_ER_IRQHandler
                0x08000298                DMA2_Stream2_IRQHandler
                0x08000298                HRTIM1_TIME_IRQHandler
                0x08000298                SPI1_IRQHandler
                0x08000298                TIM6_DAC_IRQHandler
                0x08000298                HRTIM1_TIMC_IRQHandler
                0x08000298                DMA2_Stream3_IRQHandler
                0x08000298                SAI2_IRQHandler
                0x08000298                DFSDM1_FLT3_IRQHandler
                0x08000298                USART6_IRQHandler
                0x08000298                TIM17_IRQHandler
                0x08000298                USART3_IRQHandler
                0x08000298                CRYP_IRQHandler
                0x08000298                BDMA_Channel7_IRQHandler
                0x08000298                LPTIM5_IRQHandler
                0x08000298                UART5_IRQHandler
                0x08000298                ADC3_IRQHandler
                0x08000298                DMA2_Stream0_IRQHandler
                0x08000298                TIM4_IRQHandler
                0x08000298                BDMA_Channel2_IRQHandler
                0x08000298                QUADSPI_IRQHandler
                0x08000298                I2C1_EV_IRQHandler
                0x08000298                DMA1_Stream6_IRQHandler
                0x08000298                DMAMUX1_OVR_IRQHandler
                0x08000298                DMA1_Stream1_IRQHandler
                0x08000298                UART4_IRQHandler
                0x08000298                BDMA_Channel5_IRQHandler
                0x08000298                TIM3_IRQHandler
                0x08000298                RCC_IRQHandler
                0x08000298                TIM8_BRK_TIM12_IRQHandler
                0x08000298                TIM1_TRG_COM_IRQHandler
                0x08000298                Default_Handler
                0x08000298                ECC_IRQHandler
                0x08000298                CEC_IRQHandler
                0x08000298                EXTI15_10_IRQHandler
                0x08000298                BDMA_Channel0_IRQHandler
                0x08000298                ADC_IRQHandler
                0x08000298                DMA1_Stream7_IRQHandler
                0x08000298                HRTIM1_TIMA_IRQHandler
                0x08000298                SPI5_IRQHandler
                0x08000298                TIM7_IRQHandler
                0x08000298                SDMMC1_IRQHandler
                0x08000298                TIM5_IRQHandler
                0x08000298                DMA2_Stream7_IRQHandler
                0x08000298                TIM15_IRQHandler
                0x08000298                PVD_AVD_IRQHandler
                0x08000298                I2C3_EV_IRQHandler
                0x08000298                EXTI9_5_IRQHandler
                0x08000298                RTC_WKUP_IRQHandler
                0x08000298                LTDC_IRQHandler
                0x08000298                SAI3_IRQHandler
                0x08000298                ETH_WKUP_IRQHandler
                0x08000298                SPDIF_RX_IRQHandler
                0x08000298                SPI2_IRQHandler
                0x08000298                OTG_HS_EP1_IN_IRQHandler
                0x08000298                CRS_IRQHandler
                0x08000298                EXTI4_IRQHandler
                0x08000298                HRTIM1_TIMB_IRQHandler
                0x08000298                FDCAN2_IT1_IRQHandler
                0x08000298                ETH_IRQHandler
                0x08000298                TIM1_UP_IRQHandler
                0x08000298                BDMA_Channel4_IRQHandler
                0x08000298                OTG_HS_EP1_OUT_IRQHandler
                0x08000298                WWDG_IRQHandler
                0x08000298                SPI6_IRQHandler
                0x08000298                I2C4_EV_IRQHandler
                0x08000298                MDIOS_IRQHandler
                0x08000298                FDCAN2_IT0_IRQHandler
                0x08000298                LPUART1_IRQHandler
                0x08000298                FDCAN1_IT0_IRQHandler
                0x08000298                TIM2_IRQHandler
                0x08000298                OTG_FS_WKUP_IRQHandler
                0x08000298                OTG_HS_IRQHandler
                0x08000298                DMA2D_IRQHandler
                0x08000298                TIM1_BRK_IRQHandler
                0x08000298                EXTI1_IRQHandler
                0x08000298                SDMMC2_IRQHandler
                0x08000298                OTG_FS_EP1_OUT_IRQHandler
                0x08000298                BDMA_Channel3_IRQHandler
                0x08000298                UART7_IRQHandler
                0x08000298                MDIOS_WKUP_IRQHandler
                0x08000298                USART2_IRQHandler
                0x08000298                DFSDM1_FLT0_IRQHandler
                0x08000298                SAI4_IRQHandler
                0x08000298                I2C2_ER_IRQHandler
                0x08000298                DMA2_Stream1_IRQHandler
                0x08000298                FLASH_IRQHandler
                0x08000298                DMA2_Stream4_IRQHandler
                0x08000298                USART1_IRQHandler
                0x08000298                OTG_FS_IRQHandler
                0x08000298                SPI3_IRQHandler
                0x08000298                WAKEUP_PIN_IRQHandler
                0x08000298                DMA1_Stream4_IRQHandler
                0x08000298                OTG_FS_EP1_IN_IRQHandler
                0x08000298                I2C1_ER_IRQHandler
                0x08000298                FMC_IRQHandler
                0x08000298                FDCAN_CAL_IRQHandler
                0x08000298                SWPMI1_IRQHandler
                0x08000298                COMP1_IRQHandler
                0x08000298                LPTIM1_IRQHandler
                0x08000298                I2C4_ER_IRQHandler
                0x08000298                DMA2_Stream6_IRQHandler
                0x08000298                SAI1_IRQHandler
                0x08000298                DMA1_Stream3_IRQHandler
 *fill*         0x0800029a        0x2 
 .text.Reset_Handler
                0x0800029c       0x44 build/Src/startup_stm32h750xx.o
                0x0800029c                Reset_Handler
 .text.HAL_DCMI_FrameEventCallback
                0x080002e0        0xc build/Src/main.o
                0x080002e0                HAL_DCMI_FrameEventCallback
 .text.SystemClock_Config
                0x080002ec       0xbc build/Src/main.o
                0x080002ec                SystemClock_Config
 .text.startup.main
                0x080003a8      0x31c build/Src/main.o
                0x080003a8                main
 .text.Error_Handler
                0x080006c4        0x2 build/Src/main.o
                0x080006c4                Error_Handler
 *fill*         0x080006c6        0x2 
 .text.SystemInit
                0x080006c8       0x78 build/Src/system_stm32h7xx.o
                0x080006c8                SystemInit
 .text.NMI_Handler
                0x08000740        0x2 build/Src/stm32h7xx_it.o
                0x08000740                NMI_Handler
 .text.HardFault_Handler
                0x08000742        0x2 build/Src/stm32h7xx_it.o
                0x08000742                HardFault_Handler
 .text.MemManage_Handler
                0x08000744        0x2 build/Src/stm32h7xx_it.o
                0x08000744                MemManage_Handler
 .text.BusFault_Handler
                0x08000746        0x2 build/Src/stm32h7xx_it.o
                0x08000746                BusFault_Handler
 .text.UsageFault_Handler
                0x08000748        0x2 build/Src/stm32h7xx_it.o
                0x08000748                UsageFault_Handler
 .text.SVC_Handler
                0x0800074a        0x2 build/Src/stm32h7xx_it.o
                0x0800074a                SVC_Handler
 .text.DebugMon_Handler
                0x0800074c        0x2 build/Src/stm32h7xx_it.o
                0x0800074c                DebugMon_Handler
 .text.PendSV_Handler
                0x0800074e        0x2 build/Src/stm32h7xx_it.o
                0x0800074e                PendSV_Handler
 .text.SysTick_Handler
                0x08000750        0x4 build/Src/stm32h7xx_it.o
                0x08000750                SysTick_Handler
 .text.DMA1_Stream0_IRQHandler
                0x08000754        0xc build/Src/stm32h7xx_it.o
                0x08000754                DMA1_Stream0_IRQHandler
 .text.DCMI_IRQHandler
                0x08000760        0xc build/Src/stm32h7xx_it.o
                0x08000760                DCMI_IRQHandler
 .text.TIM16_IRQHandler
                0x0800076c        0xc build/Src/stm32h7xx_it.o
                0x0800076c                TIM16_IRQHandler
 .text.HAL_MspInit
                0x08000778       0x24 build/Src/stm32h7xx_hal_msp.o
                0x08000778                HAL_MspInit
 .text.MX_GPIO_Init
                0x0800079c      0x120 build/Src/gpio.o
                0x0800079c                MX_GPIO_Init
 .text.MX_DCMI_Init
                0x080008bc       0x3c build/Src/dcmi.o
                0x080008bc                MX_DCMI_Init
 .text.HAL_DCMI_MspInit
                0x080008f8      0x184 build/Src/dcmi.o
                0x080008f8                HAL_DCMI_MspInit
 .text.MX_DMA_Init
                0x08000a7c       0x38 build/Src/dma.o
                0x08000a7c                MX_DMA_Init
 .text.MX_I2C1_Init
                0x08000ab4       0x5c build/Src/i2c.o
                0x08000ab4                MX_I2C1_Init
 .text.HAL_I2C_MspInit
                0x08000b10       0x94 build/Src/i2c.o
                0x08000b10                HAL_I2C_MspInit
 .text.MX_SPI4_Init
                0x08000ba4       0x64 build/Src/spi.o
                0x08000ba4                MX_SPI4_Init
 .text.HAL_SPI_MspInit
                0x08000c08       0x94 build/Src/spi.o
                0x08000c08                HAL_SPI_MspInit
 .text.HAL_TIM_PWM_MspInit
                0x08000c9c       0x30 build/Src/tim.o
                0x08000c9c                HAL_TIM_PWM_MspInit
 .text.HAL_TIM_MspPostInit
                0x08000ccc       0x58 build/Src/tim.o
                0x08000ccc                HAL_TIM_MspPostInit
 .text.MX_TIM1_Init
                0x08000d24       0xbc build/Src/tim.o
                0x08000d24                MX_TIM1_Init
 .text.fast_sigmoid
                0x08000de0       0x2c build/Src/llie_pipeline.o
 .text.compute_block1_row
                0x08000e0c      0x138 build/Src/llie_pipeline.o
 .text.rebuild_luma_lut
                0x08000f44       0x58 build/Src/llie_pipeline.o
 .text.LLIE_Init
                0x08000f9c        0x4 build/Src/llie_pipeline.o
                0x08000f9c                LLIE_Init
 .text.LLIE_SetMode
                0x08000fa0        0xc build/Src/llie_pipeline.o
                0x08000fa0                LLIE_SetMode
 .text.LLIE_GetMode
                0x08000fac        0xc build/Src/llie_pipeline.o
                0x08000fac                LLIE_GetMode
 .text.LLIE_UpdateAIControls
                0x08000fb8      0x394 build/Src/llie_pipeline.o
                0x08000fb8                LLIE_UpdateAIControls
 .text.LLIE_ProcessFrame
                0x0800134c       0xe4 build/Src/llie_pipeline.o
                0x0800134c                LLIE_ProcessFrame
 .text.Camera_WriteRegb2
                0x08001430       0x2e build/Drivers/BSP/Camera/camera.o
                0x08001430                Camera_WriteRegb2
 .text.Camera_ReadRegb2
                0x0800145e       0x24 build/Drivers/BSP/Camera/camera.o
                0x0800145e                Camera_ReadRegb2
 .text.Camera_read_id
                0x08001482       0x3e build/Drivers/BSP/Camera/camera.o
                0x08001482                Camera_read_id
 .text.Camera_Init_Device
                0x080014c0       0x30 build/Drivers/BSP/Camera/camera.o
                0x080014c0                Camera_Init_Device
 .text.calculate_hts
                0x080014f0       0x48 build/Drivers/BSP/Camera/ov5640.o
 .text.ov5640_init
                0x08001538      0x500 build/Drivers/BSP/Camera/ov5640.o
                0x08001538                ov5640_init
 .text.lcd_write_cmd
                0x08001a38       0x44 build/Drivers/BSP/ST7735/st7735_min.o
 .text.lcd_write_data.part.0
                0x08001a7c       0x44 build/Drivers/BSP/ST7735/st7735_min.o
 .text.lcd_write_reg
                0x08001ac0       0x16 build/Drivers/BSP/ST7735/st7735_min.o
 .text.lcd_set_window
                0x08001ad6       0x4a build/Drivers/BSP/ST7735/st7735_min.o
 .text.ST7735_MinInit
                0x08001b20      0x194 build/Drivers/BSP/ST7735/st7735_min.o
                0x08001b20                ST7735_MinInit
 .text.ST7735_MinBlitRGB565
                0x08001cb4       0x2a build/Drivers/BSP/ST7735/st7735_min.o
                0x08001cb4                ST7735_MinBlitRGB565
 *fill*         0x08001cde        0x2 
 .text.HAL_InitTick
                0x08001ce0       0x4c build/Drivers/STM32H7xx_HAL_Driver/Src/stm32h7xx_hal.o
                0x08001ce0                HAL_InitTick
 .text.HAL_Init
                0x08001d2c       0x5c build/Drivers/STM32H7xx_HAL_Driver/Src/stm32h7xx_hal.o
                0x08001d2c                HAL_Init
 .text.HAL_IncTick
                0x08001d88       0x18 build/Drivers/STM32H7xx_HAL_Driver/Src/stm32h7xx_hal.o
                0x08001d88                HAL_IncTick
 .text.HAL_GetTick
                0x08001da0        0xc build/Drivers/STM32H7xx_HAL_Driver/Src/stm32h7xx_hal.o
                0x08001da0                HAL_GetTick
 .text.HAL_Delay
                0x08001dac       0x24 build/Drivers/STM32H7xx_HAL_Driver/Src/stm32h7xx_hal.o
                0x08001dac                HAL_Delay
 .text.HAL_GetREVID
                0x08001dd0        0xc build/Drivers/STM32H7xx_HAL_Driver/Src/stm32h7xx_hal.o
                0x08001dd0                HAL_GetREVID
 .text.HAL_NVIC_SetPriorityGrouping
                0x08001ddc       0x24 build/Drivers/STM32H7xx_HAL_Driver/Src/stm32h7xx_hal_cortex.o
                0x08001ddc                HAL_NVIC_SetPriorityGrouping
 .text.HAL_NVIC_SetPriority
                0x08001e00       0x64 build/Drivers/STM32H7xx_HAL_Driver/Src/stm32h7xx_hal_cortex.o
                0x08001e00                HAL_NVIC_SetPriority
 .text.HAL_NVIC_EnableIRQ
                0x08001e64       0x1c build/Drivers/STM32H7xx_HAL_Driver/Src/stm32h7xx_hal_cortex.o
                0x08001e64                HAL_NVIC_EnableIRQ
 .text.HAL_SYSTICK_Config
                0x08001e80       0x28 build/Drivers/STM32H7xx_HAL_Driver/Src/stm32h7xx_hal_cortex.o
                0x08001e80                HAL_SYSTICK_Config
 .text.HAL_MPU_Disable
                0x08001ea8       0x1c build/Drivers/STM32H7xx_HAL_Driver/Src/stm32h7xx_hal_cortex.o
                0x08001ea8                HAL_MPU_Disable
 .text.HAL_MPU_Enable
                0x08001ec4       0x20 build/Drivers/STM32H7xx_HAL_Driver/Src/stm32h7xx_hal_cortex.o
                0x08001ec4                HAL_MPU_Enable
 .text.HAL_MPU_ConfigRegion
                0x08001ee4       0x58 build/Drivers/STM32H7xx_HAL_Driver/Src/stm32h7xx_hal_cortex.o
                0x08001ee4                HAL_MPU_ConfigRegion
 .text.DCMI_DMAXferCplt
                0x08001f3c       0x7c build/Drivers/STM32H7xx_HAL_Driver/Src/stm32h7xx_hal_dcmi.o
 .text.HAL_DCMI_Init
                0x08001fb8       0x90 build/Drivers/STM32H7xx_HAL_Driver/Src/stm32h7xx_hal_dcmi.o
                0x08001fb8                HAL_DCMI_Init
 .text.HAL_DCMI_Start_DMA
                0x08002048       0xe4 build/Drivers/STM32H7xx_HAL_Driver/Src/stm32h7xx_hal_dcmi.o
                0x08002048                HAL_DCMI_Start_DMA
 .text.HAL_DCMI_ErrorCallback
                0x0800212c        0x2 build/Drivers/STM32H7xx_HAL_Driver/Src/stm32h7xx_hal_dcmi.o
                0x0800212c                HAL_DCMI_ErrorCallback
 .text.DCMI_DMAError
                0x0800212e       0x20 build/Drivers/STM32H7xx_HAL_Driver/Src/stm32h7xx_hal_dcmi.o
 .text.HAL_DCMI_LineEventCallback
                0x0800214e        0x2 build/Drivers/STM32H7xx_HAL_Driver/Src/stm32h7xx_hal_dcmi.o
                0x0800214e                HAL_DCMI_LineEventCallback
 .text.HAL_DCMI_VsyncEventCallback
                0x08002150        0x2 build/Drivers/STM32H7xx_HAL_Driver/Src/stm32h7xx_hal_dcmi.o
                0x08002150                HAL_DCMI_VsyncEventCallback
 *fill*         0x08002152        0x2 
 .text.HAL_DCMI_IRQHandler
                0x08002154       0x94 build/Drivers/STM32H7xx_HAL_Driver/Src/stm32h7xx_hal_dcmi.o
                0x08002154                HAL_DCMI_IRQHandler
 .text.DMA_SetConfig
                0x080021e8      0x14c build/Drivers/STM32H7xx_HAL_Driver/Src/stm32h7xx_hal_dma.o
 .text.DMA_CalcBaseAndBitshift
                0x08002334       0x9c build/Drivers/STM32H7xx_HAL_Driver/Src/stm32h7xx_hal_dma.o
 .text.DMA_CalcDMAMUXChannelBaseAndMask
                0x080023d0       0x94 build/Drivers/STM32H7xx_HAL_Driver/Src/stm32h7xx_hal_dma.o
 .text.DMA_CalcDMAMUXRequestGenBaseAndMask
                0x08002464       0x70 build/Drivers/STM32H7xx_HAL_Driver/Src/stm32h7xx_hal_dma.o
 .text.HAL_DMA_Init
                0x080024d4      0x348 build/Drivers/STM32H7xx_HAL_Driver/Src/stm32h7xx_hal_dma.o
                0x080024d4                HAL_DMA_Init
 .text.HAL_DMA_Start_IT
                0x0800281c      0x1e4 build/Drivers/STM32H7xx_HAL_Driver/Src/stm32h7xx_hal_dma.o
                0x0800281c                HAL_DMA_Start_IT
 .text.HAL_DMA_Abort_IT
                0x08002a00      0x120 build/Drivers/STM32H7xx_HAL_Driver/Src/stm32h7xx_hal_dma.o
                0x08002a00                HAL_DMA_Abort_IT
 .text.HAL_DMA_IRQHandler
                0x08002b20      0x3ac build/Drivers/STM32H7xx_HAL_Driver/Src/stm32h7xx_hal_dma.o
                0x08002b20                HAL_DMA_IRQHandler
 .text.DMA_MultiBufferSetConfig
                0x08002ecc       0x68 build/Drivers/STM32H7xx_HAL_Driver/Src/stm32h7xx_hal_dma_ex.o
 .text.HAL_DMAEx_MultiBufferStart_IT
                0x08002f34      0x30c build/Drivers/STM32H7xx_HAL_Driver/Src/stm32h7xx_hal_dma_ex.o
                0x08002f34                HAL_DMAEx_MultiBufferStart_IT
 .text.HAL_DMAEx_ChangeMemory
                0x08003240       0x5c build/Drivers/STM32H7xx_HAL_Driver/Src/stm32h7xx_hal_dma_ex.o
                0x08003240                HAL_DMAEx_ChangeMemory
 .text.HAL_GPIO_Init
                0x0800329c      0x1c4 build/Drivers/STM32H7xx_HAL_Driver/Src/stm32h7xx_hal_gpio.o
                0x0800329c                HAL_GPIO_Init
 .text.HAL_GPIO_ReadPin
                0x08003460        0xc build/Drivers/STM32H7xx_HAL_Driver/Src/stm32h7xx_hal_gpio.o
                0x08003460                HAL_GPIO_ReadPin
 .text.HAL_GPIO_WritePin
                0x0800346c        0xa build/Drivers/STM32H7xx_HAL_Driver/Src/stm32h7xx_hal_gpio.o
                0x0800346c                HAL_GPIO_WritePin
 .text.I2C_Flush_TXDR
                0x08003476       0x1c build/Drivers/STM32H7xx_HAL_Driver/Src/stm32h7xx_hal_i2c.o
 *fill*         0x08003492        0x2 
 .text.I2C_TransferConfig
                0x08003494       0x28 build/Drivers/STM32H7xx_HAL_Driver/Src/stm32h7xx_hal_i2c.o
 .text.I2C_IsAcknowledgeFailed
                0x080034bc       0x7a build/Drivers/STM32H7xx_HAL_Driver/Src/stm32h7xx_hal_i2c.o
 .text.I2C_WaitOnTXISFlagUntilTimeout
                0x08003536       0x50 build/Drivers/STM32H7xx_HAL_Driver/Src/stm32h7xx_hal_i2c.o
 .text.I2C_WaitOnSTOPFlagUntilTimeout
                0x08003586       0x4c build/Drivers/STM32H7xx_HAL_Driver/Src/stm32h7xx_hal_i2c.o
 .text.I2C_WaitOnFlagUntilTimeout
                0x080035d2       0x56 build/Drivers/STM32H7xx_HAL_Driver/Src/stm32h7xx_hal_i2c.o
 .text.I2C_RequestMemoryWrite
                0x08003628       0x68 build/Drivers/STM32H7xx_HAL_Driver/Src/stm32h7xx_hal_i2c.o
 .text.I2C_RequestMemoryRead
                0x08003690       0x68 build/Drivers/STM32H7xx_HAL_Driver/Src/stm32h7xx_hal_i2c.o
 .text.HAL_I2C_Init
                0x080036f8       0xa2 build/Drivers/STM32H7xx_HAL_Driver/Src/stm32h7xx_hal_i2c.o
                0x080036f8                HAL_I2C_Init
 .text.HAL_I2C_Mem_Write
                0x0800379a      0x16a build/Drivers/STM32H7xx_HAL_Driver/Src/stm32h7xx_hal_i2c.o
                0x0800379a                HAL_I2C_Mem_Write
 .text.HAL_I2C_Mem_Read
                0x08003904      0x178 build/Drivers/STM32H7xx_HAL_Driver/Src/stm32h7xx_hal_i2c.o
                0x08003904                HAL_I2C_Mem_Read
 .text.HAL_I2CEx_ConfigAnalogFilter
                0x08003a7c       0x4c build/Drivers/STM32H7xx_HAL_Driver/Src/stm32h7xx_hal_i2c_ex.o
                0x08003a7c                HAL_I2CEx_ConfigAnalogFilter
 .text.HAL_I2CEx_ConfigDigitalFilter
                0x08003ac8       0x4a build/Drivers/STM32H7xx_HAL_Driver/Src/stm32h7xx_hal_i2c_ex.o
                0x08003ac8                HAL_I2CEx_ConfigDigitalFilter
 *fill*         0x08003b12        0x2 
 .text.HAL_PWREx_ConfigSupply
                0x08003b14       0x48 build/Drivers/STM32H7xx_HAL_Driver/Src/stm32h7xx_hal_pwr_ex.o
                0x08003b14                HAL_PWREx_ConfigSupply
 .text.HAL_RCC_OscConfig
                0x08003b5c      0x520 build/Drivers/STM32H7xx_HAL_Driver/Src/stm32h7xx_hal_rcc.o
                0x08003b5c                HAL_RCC_OscConfig
 .text.HAL_RCC_MCOConfig
                0x0800407c       0x9c build/Drivers/STM32H7xx_HAL_Driver/Src/stm32h7xx_hal_rcc.o
                0x0800407c                HAL_RCC_MCOConfig
 .text.HAL_RCC_GetSysClockFreq
                0x08004118      0x144 build/Drivers/STM32H7xx_HAL_Driver/Src/stm32h7xx_hal_rcc.o
                0x08004118                HAL_RCC_GetSysClockFreq
 .text.HAL_RCC_ClockConfig
                0x0800425c      0x24c build/Drivers/STM32H7xx_HAL_Driver/Src/stm32h7xx_hal_rcc.o
                0x0800425c                HAL_RCC_ClockConfig
 .text.RCCEx_PLL2_Config
                0x080044a8       0xec build/Drivers/STM32H7xx_HAL_Driver/Src/stm32h7xx_hal_rcc_ex.o
 .text.RCCEx_PLL3_Config
                0x08004594       0xec build/Drivers/STM32H7xx_HAL_Driver/Src/stm32h7xx_hal_rcc_ex.o
 .text.HAL_RCCEx_PeriphCLKConfig
                0x08004680      0x910 build/Drivers/STM32H7xx_HAL_Driver/Src/stm32h7xx_hal_rcc_ex.o
                0x08004680                HAL_RCCEx_PeriphCLKConfig
 .text.SPI_CloseTransfer
                0x08004f90       0xac build/Drivers/STM32H7xx_HAL_Driver/Src/stm32h7xx_hal_spi.o
 .text.HAL_SPI_Init
                0x0800503c      0x124 build/Drivers/STM32H7xx_HAL_Driver/Src/stm32h7xx_hal_spi.o
                0x0800503c                HAL_SPI_Init
 .text.HAL_SPI_Transmit
                0x08005160      0x23e build/Drivers/STM32H7xx_HAL_Driver/Src/stm32h7xx_hal_spi.o
                0x08005160                HAL_SPI_Transmit
 *fill*         0x0800539e        0x2 
 .text.TIM_OC1_SetConfig
                0x080053a0       0x74 build/Drivers/STM32H7xx_HAL_Driver/Src/stm32h7xx_hal_tim.o
 .text.TIM_OC3_SetConfig
                0x08005414       0x7c build/Drivers/STM32H7xx_HAL_Driver/Src/stm32h7xx_hal_tim.o
 .text.TIM_OC4_SetConfig
                0x08005490       0x64 build/Drivers/STM32H7xx_HAL_Driver/Src/stm32h7xx_hal_tim.o
 .text.TIM_OC5_SetConfig
                0x080054f4       0x64 build/Drivers/STM32H7xx_HAL_Driver/Src/stm32h7xx_hal_tim.o
 .text.TIM_OC6_SetConfig
                0x08005558       0x64 build/Drivers/STM32H7xx_HAL_Driver/Src/stm32h7xx_hal_tim.o
 .text.HAL_TIM_PeriodElapsedCallback
                0x080055bc        0x2 build/Drivers/STM32H7xx_HAL_Driver/Src/stm32h7xx_hal_tim.o
                0x080055bc                HAL_TIM_PeriodElapsedCallback
 .text.HAL_TIM_OC_DelayElapsedCallback
                0x080055be        0x2 build/Drivers/STM32H7xx_HAL_Driver/Src/stm32h7xx_hal_tim.o
                0x080055be                HAL_TIM_OC_DelayElapsedCallback
 .text.HAL_TIM_IC_CaptureCallback
                0x080055c0        0x2 build/Drivers/STM32H7xx_HAL_Driver/Src/stm32h7xx_hal_tim.o
                0x080055c0                HAL_TIM_IC_CaptureCallback
 .text.HAL_TIM_PWM_PulseFinishedCallback
                0x080055c2        0x2 build/Drivers/STM32H7xx_HAL_Driver/Src/stm32h7xx_hal_tim.o
                0x080055c2                HAL_TIM_PWM_PulseFinishedCallback
 .text.HAL_TIM_TriggerCallback
                0x080055c4        0x2 build/Drivers/STM32H7xx_HAL_Driver/Src/stm32h7xx_hal_tim.o
                0x080055c4                HAL_TIM_TriggerCallback
 .text.HAL_TIM_IRQHandler
                0x080055c6      0x160 build/Drivers/STM32H7xx_HAL_Driver/Src/stm32h7xx_hal_tim.o
                0x080055c6                HAL_TIM_IRQHandler
 *fill*         0x08005726        0x2 
 .text.TIM_Base_SetConfig
                0x08005728       0xa0 build/Drivers/STM32H7xx_HAL_Driver/Src/stm32h7xx_hal_tim.o
                0x08005728                TIM_Base_SetConfig
 .text.HAL_TIM_PWM_Init
                0x080057c8       0x60 build/Drivers/STM32H7xx_HAL_Driver/Src/stm32h7xx_hal_tim.o
                0x080057c8                HAL_TIM_PWM_Init
 .text.TIM_OC2_SetConfig
                0x08005828       0x80 build/Drivers/STM32H7xx_HAL_Driver/Src/stm32h7xx_hal_tim.o
                0x08005828                TIM_OC2_SetConfig
 .text.HAL_TIM_PWM_ConfigChannel
                0x080058a8       0xf6 build/Drivers/STM32H7xx_HAL_Driver/Src/stm32h7xx_hal_tim.o
                0x080058a8                HAL_TIM_PWM_ConfigChannel
 .text.TIM_CCxNChannelCmd
                0x0800599e       0x1c build/Drivers/STM32H7xx_HAL_Driver/Src/stm32h7xx_hal_tim_ex.o
 *fill*         0x080059ba        0x2 
 .text.HAL_TIMEx_OCN_Start
                0x080059bc       0xb8 build/Drivers/STM32H7xx_HAL_Driver/Src/stm32h7xx_hal_tim_ex.o
                0x080059bc                HAL_TIMEx_OCN_Start
 .text.HAL_TIMEx_PWMN_Start
                0x08005a74        0x4 build/Drivers/STM32H7xx_HAL_Driver/Src/stm32h7xx_hal_tim_ex.o
                0x08005a74                HAL_TIMEx_PWMN_Start
 .text.HAL_TIMEx_MasterConfigSynchronization
                0x08005a78       0x8c build/Drivers/STM32H7xx_HAL_Driver/Src/stm32h7xx_hal_tim_ex.o
                0x08005a78                HAL_TIMEx_MasterConfigSynchronization
 .text.HAL_TIMEx_ConfigBreakDeadTime
                0x08005b04       0x84 build/Drivers/STM32H7xx_HAL_Driver/Src/stm32h7xx_hal_tim_ex.o
                0x08005b04                HAL_TIMEx_ConfigBreakDeadTime
 .text.HAL_TIMEx_CommutCallback
                0x08005b88        0x2 build/Drivers/STM32H7xx_HAL_Driver/Src/stm32h7xx_hal_tim_ex.o
                0x08005b88                HAL_TIMEx_CommutCallback
 .text.HAL_TIMEx_BreakCallback
                0x08005b8a        0x2 build/Drivers/STM32H7xx_HAL_Driver/Src/stm32h7xx_hal_tim_ex.o
                0x08005b8a                HAL_TIMEx_BreakCallback
 .text.HAL_TIMEx_Break2Callback
                0x08005b8c        0x2 build/Drivers/STM32H7xx_HAL_Driver/Src/stm32h7xx_hal_tim_ex.o
                0x08005b8c                HAL_TIMEx_Break2Callback
 .text.memset   0x08005b8e       0x10 C:/ST/STM32CubeCLT_1.21.0/GNU-tools-for-STM32/bin/../lib/gcc/arm-none-eabi/14.3.1/../../../../arm-none-eabi/lib/thumb/v7e-m+dp/hard\libc_nano.a(libc_a-memset.o)
                0x08005b8e                memset
 *(.glue_7)
 .glue_7        0x08005b9e        0x0 linker stubs
 *(.glue_7t)
 .glue_7t       0x08005b9e        0x0 linker stubs
 *(.eh_frame)
 *(.init)
 *fill*         0x08005b9e        0x2 
 .init          0x08005ba0        0x4 C:/ST/STM32CubeCLT_1.21.0/GNU-tools-for-STM32/bin/../lib/gcc/arm-none-eabi/14.3.1/thumb/v7e-m+dp/hard/crti.o
                0x08005ba0                _init
 .init          0x08005ba4        0x8 C:/ST/STM32CubeCLT_1.21.0/GNU-tools-for-STM32/bin/../lib/gcc/arm-none-eabi/14.3.1/thumb/v7e-m+dp/hard/crtn.o
 *(.fini)
 .fini          0x08005bac        0x4 C:/ST/STM32CubeCLT_1.21.0/GNU-tools-for-STM32/bin/../lib/gcc/arm-none-eabi/14.3.1/thumb/v7e-m+dp/hard/crti.o
                0x08005bac                _fini
 .fini          0x08005bb0        0x8 C:/ST/STM32CubeCLT_1.21.0/GNU-tools-for-STM32/bin/../lib/gcc/arm-none-eabi/14.3.1/thumb/v7e-m+dp/hard/crtn.o
                0x08005bb8                        . = ALIGN (0x4)
                0x08005bb8                        _etext = .

.vfp11_veneer   0x08005bb8        0x0
 .vfp11_veneer  0x08005bb8        0x0 linker stubs

.v4_bx          0x08005bb8        0x0
 .v4_bx         0x08005bb8        0x0 linker stubs

.iplt           0x08005bb8        0x0
 .iplt          0x08005bb8        0x0 build/Src/startup_stm32h750xx.o

.rodata         0x08005bb8      0x8b8
                0x08005bb8                        . = ALIGN (0x4)
 *(.rodata)
 .rodata        0x08005bb8       0x20 build/Drivers/BSP/ST7735/st7735_min.o
 *(.rodata*)
 .rodata.main.str1.1
                0x08005bd8       0x12 build/Src/main.o
                                  0x7 (size before relaxing)
 .rodata.glyphs_5x7
                0x08005bea       0x41 build/Src/main.o
 .rodata.D1CorePrescTable
                0x08005c2b       0x10 build/Src/system_stm32h7xx.o
                0x08005c2b                D1CorePrescTable
 *fill*         0x08005c3b        0x1 
 .rodata.llie_fc2_b
                0x08005c3c        0xc build/Src/llie_weights.o
                0x08005c3c                llie_fc2_b
 .rodata.llie_fc2_w
                0x08005c48       0x60 build/Src/llie_weights.o
                0x08005c48                llie_fc2_w
 .rodata.llie_fc1_b
                0x08005ca8       0x20 build/Src/llie_weights.o
                0x08005ca8                llie_fc1_b
 .rodata.llie_fc1_w
                0x08005cc8      0x100 build/Src/llie_weights.o
                0x08005cc8                llie_fc1_w
 .rodata.llie_b2_pw_b
                0x08005dc8       0x20 build/Src/llie_weights.o
                0x08005dc8                llie_b2_pw_b
 .rodata.llie_b2_pw_w
                0x08005de8      0x100 build/Src/llie_weights.o
                0x08005de8                llie_b2_pw_w
 .rodata.llie_b2_dw_b
                0x08005ee8       0x20 build/Src/llie_weights.o
                0x08005ee8                llie_b2_dw_b
 .rodata.llie_b2_dw_w
                0x08005f08      0x120 build/Src/llie_weights.o
                0x08005f08                llie_b2_dw_w
 .rodata.llie_b1_pw_b
                0x08006028       0x20 build/Src/llie_weights.o
                0x08006028                llie_b1_pw_b
 .rodata.llie_b1_pw_w
                0x08006048       0x20 build/Src/llie_weights.o
                0x08006048                llie_b1_pw_w
 .rodata.llie_b1_dw_b
                0x08006068        0x4 build/Src/llie_weights.o
                0x08006068                llie_b1_dw_b
 .rodata.llie_b1_dw_w
                0x0800606c       0x24 build/Src/llie_weights.o
                0x0800606c                llie_b1_dw_w
 .rodata.dvp_cam_resolution
                0x08006090       0x80 build/Drivers/BSP/Camera/camera.o
                0x08006090                dvp_cam_resolution
 .rodata.ov5640_default_regs
                0x08006110      0x357 build/Drivers/BSP/Camera/ov5640_regs.o
                0x08006110                ov5640_default_regs
 .rodata.ST7735_MinInit.str1.1
                0x08006467        0xf build/Drivers/BSP/ST7735/st7735_min.o
 .rodata.flagBitshiftOffset.0
                0x08006467        0x8 build/Drivers/STM32H7xx_HAL_Driver/Src/stm32h7xx_hal_dma.o
                0x08006478                        . = ALIGN (0x4)
 *fill*         0x0800646f        0x1 

.rel.dyn        0x08006470        0x0
 .rel.iplt      0x08006470        0x0 build/Src/startup_stm32h750xx.o

.ARM.extab
 *(.ARM.extab* .gnu.linkonce.armextab.*)

.ARM            0x08006470        0x0
                0x08006470                        __exidx_start = .
 *(.ARM.exidx*)
                0x08006470                        __exidx_end = .
                0x08006470                        _sidata = LOADADDR (.data)

.data           0x24000000       0x1c load address 0x08006470
                0x24000000                        . = ALIGN (0x4)
                0x24000000                        _sdata = .
 *(.data)
 *(.data*)
 .data.SystemD2Clock
                0x24000000        0x4 build/Src/system_stm32h7xx.o
                0x24000000                SystemD2Clock
 .data.SystemCoreClock
                0x24000004        0x4 build/Src/system_stm32h7xx.o
                0x24000004                SystemCoreClock
 .data.s_controls
                0x24000008        0x6 build/Src/llie_pipeline.o
 .data.s_mode   0x2400000e        0x1 build/Src/llie_pipeline.o
 *fill*         0x2400000f        0x1 
 .data.readout_h
                0x24000010        0x2 build/Drivers/BSP/Camera/ov5640.o
 .data.readout_w
                0x24000012        0x2 build/Drivers/BSP/Camera/ov5640.o
 .data.uwTickFreq
                0x24000014        0x1 build/Drivers/STM32H7xx_HAL_Driver/Src/stm32h7xx_hal.o
                0x24000014                uwTickFreq
 *fill*         0x24000015        0x3 
 .data.uwTickPrio
                0x24000018        0x4 build/Drivers/STM32H7xx_HAL_Driver/Src/stm32h7xx_hal.o
                0x24000018                uwTickPrio
                0x2400001c                        . = ALIGN (0x4)
                0x2400001c                        _edata = .

.igot.plt       0x2400001c        0x0 load address 0x0800648c
 .igot.plt      0x2400001c        0x0 build/Src/startup_stm32h750xx.o

.bss            0x24000020     0xbd74 load address 0x0800648c
                0x24000020                        . = ALIGN (0x4)
                0x24000020                        _sbss = .
 *(.bss)
 *(.bss*)
 .bss.fps_tick_start.0
                0x24000020        0x4 build/Src/main.o
 .bss.fps_frames.1
                0x24000024        0x2 build/Src/main.o
 .bss.last_key.2
                0x24000026        0x1 build/Src/main.o
 *fill*         0x24000027        0x1 
 .bss.fps_value
                0x24000028        0x2 build/Src/main.o
 .bss.frame_ready
                0x2400002a        0x1 build/Src/main.o
 *fill*         0x2400002b       0x15 
 .bss.frame_buffer
                0x24000040     0x9600 build/Src/main.o
 .bss.hdma_dcmi
                0x24009640       0x78 build/Src/dcmi.o
                0x24009640                hdma_dcmi
 .bss.hdcmi     0x240096b8       0x50 build/Src/dcmi.o
                0x240096b8                hdcmi
 .bss.hi2c1     0x24009708       0x4c build/Src/i2c.o
                0x24009708                hi2c1
 .bss.hspi4     0x24009754       0x88 build/Src/spi.o
                0x24009754                hspi4
 .bss.htim16    0x240097dc       0x4c build/Src/tim.o
                0x240097dc                htim16
 .bss.htim1     0x24009828       0x4c build/Src/tim.o
                0x24009828                htim1
 .bss.s_b1_rows
                0x24009874     0x2400 build/Src/llie_pipeline.o
 .bss.s_luma_lut
                0x2400bc74      0x100 build/Src/llie_pipeline.o
 .bss.hcamera   0x2400bd74       0x14 build/Drivers/BSP/Camera/camera.o
                0x2400bd74                hcamera
 .bss.readout_y
                0x2400bd88        0x2 build/Drivers/BSP/Camera/ov5640.o
 .bss.readout_x
                0x2400bd8a        0x2 build/Drivers/BSP/Camera/ov5640.o
 .bss.hts_target
                0x2400bd8c        0x2 build/Drivers/BSP/Camera/ov5640.o
 *fill*         0x2400bd8e        0x2 
 .bss.uwTick    0x2400bd90        0x4 build/Drivers/STM32H7xx_HAL_Driver/Src/stm32h7xx_hal.o
                0x2400bd90                uwTick
 *(COMMON)
                0x2400bd94                        . = ALIGN (0x4)
                0x2400bd94                        _ebss = .

._user_heap_stack
                0x2400bd94      0x604 load address 0x0800648c
                0x2400bd98                        . = ALIGN (0x8)
 *fill*         0x2400bd94        0x4 
                0x2400bd98                        PROVIDE (end = .)
                [!provide]                        PROVIDE (_end = .)
                0x2400bf98                        . = (. + _Min_Heap_Size)
 *fill*         0x2400bd98      0x200 
                0x2400c398                        . = (. + _Min_Stack_Size)
 *fill*         0x2400bf98      0x400 
                0x2400c398                        . = ALIGN (0x8)

/DISCARD/
 libc.a(*)
 libm.a(*)
 libgcc.a(*)
OUTPUT(build/h750_cam_lcd_min.elf elf32-littlearm)
LOAD linker stubs
LOAD C:/ST/STM32CubeCLT_1.21.0/GNU-tools-for-STM32/bin/../lib/gcc/arm-none-eabi/14.3.1/../../../../arm-none-eabi/lib/thumb/v7e-m+dp/hard\libc.a
LOAD C:/ST/STM32CubeCLT_1.21.0/GNU-tools-for-STM32/bin/../lib/gcc/arm-none-eabi/14.3.1/../../../../arm-none-eabi/lib/thumb/v7e-m+dp/hard\libm.a
LOAD C:/ST/STM32CubeCLT_1.21.0/GNU-tools-for-STM32/bin/../lib/gcc/arm-none-eabi/14.3.1/thumb/v7e-m+dp/hard\libgcc.a

.ARM.attributes
                0x00000000       0x2e
 .ARM.attributes
                0x00000000       0x20 C:/ST/STM32CubeCLT_1.21.0/GNU-tools-for-STM32/bin/../lib/gcc/arm-none-eabi/14.3.1/thumb/v7e-m+dp/hard/crti.o
 .ARM.attributes
                0x00000020       0x32 build/Src/startup_stm32h750xx.o
 .ARM.attributes
                0x00000052       0x32 build/Src/main.o
 .ARM.attributes
                0x00000084       0x32 build/Src/system_stm32h7xx.o
 .ARM.attributes
                0x000000b6       0x32 build/Src/stm32h7xx_it.o
 .ARM.attributes
                0x000000e8       0x32 build/Src/stm32h7xx_hal_msp.o
 .ARM.attributes
                0x0000011a       0x32 build/Src/gpio.o
 .ARM.attributes
                0x0000014c       0x32 build/Src/dcmi.o
 .ARM.attributes
                0x0000017e       0x32 build/Src/dma.o
 .ARM.attributes
                0x000001b0       0x32 build/Src/i2c.o
 .ARM.attributes
                0x000001e2       0x32 build/Src/spi.o
 .ARM.attributes
                0x00000214       0x32 build/Src/tim.o
 .ARM.attributes
                0x00000246       0x32 build/Src/llie_pipeline.o
 .ARM.attributes
                0x00000278       0x32 build/Src/llie_weights.o
 .ARM.attributes
                0x000002aa       0x32 build/Drivers/BSP/Camera/camera.o
 .ARM.attributes
                0x000002dc       0x32 build/Drivers/BSP/Camera/ov5640.o
 .ARM.attributes
                0x0000030e       0x32 build/Drivers/BSP/Camera/ov5640_regs.o
 .ARM.attributes
                0x00000340       0x32 build/Drivers/BSP/ST7735/st7735_min.o
 .ARM.attributes
                0x00000372       0x32 build/Drivers/STM32H7xx_HAL_Driver/Src/stm32h7xx_hal.o
 .ARM.attributes
                0x000003a4       0x32 build/Drivers/STM32H7xx_HAL_Driver/Src/stm32h7xx_hal_cortex.o
 .ARM.attributes
                0x000003d6       0x32 build/Drivers/STM32H7xx_HAL_Driver/Src/stm32h7xx_hal_dcmi.o
 .ARM.attributes
                0x00000408       0x32 build/Drivers/STM32H7xx_HAL_Driver/Src/stm32h7xx_hal_dma.o
 .ARM.attributes
                0x0000043a       0x32 build/Drivers/STM32H7xx_HAL_Driver/Src/stm32h7xx_hal_dma_ex.o
 .ARM.attributes
                0x0000046c       0x32 build/Drivers/STM32H7xx_HAL_Driver/Src/stm32h7xx_hal_gpio.o
 .ARM.attributes
                0x0000049e       0x32 build/Drivers/STM32H7xx_HAL_Driver/Src/stm32h7xx_hal_i2c.o
 .ARM.attributes
                0x000004d0       0x32 build/Drivers/STM32H7xx_HAL_Driver/Src/stm32h7xx_hal_i2c_ex.o
 .ARM.attributes
                0x00000502       0x32 build/Drivers/STM32H7xx_HAL_Driver/Src/stm32h7xx_hal_pwr_ex.o
 .ARM.attributes
                0x00000534       0x32 build/Drivers/STM32H7xx_HAL_Driver/Src/stm32h7xx_hal_rcc.o
 .ARM.attributes
                0x00000566       0x32 build/Drivers/STM32H7xx_HAL_Driver/Src/stm32h7xx_hal_rcc_ex.o
 .ARM.attributes
                0x00000598       0x32 build/Drivers/STM32H7xx_HAL_Driver/Src/stm32h7xx_hal_spi.o
 .ARM.attributes
                0x000005ca       0x32 build/Drivers/STM32H7xx_HAL_Driver/Src/stm32h7xx_hal_tim.o
 .ARM.attributes
                0x000005fc       0x32 build/Drivers/STM32H7xx_HAL_Driver/Src/stm32h7xx_hal_tim_ex.o
 .ARM.attributes
                0x0000062e       0x32 C:/ST/STM32CubeCLT_1.21.0/GNU-tools-for-STM32/bin/../lib/gcc/arm-none-eabi/14.3.1/../../../../arm-none-eabi/lib/thumb/v7e-m+dp/hard\libc_nano.a(libc_a-memset.o)
 .ARM.attributes
                0x00000660       0x20 C:/ST/STM32CubeCLT_1.21.0/GNU-tools-for-STM32/bin/../lib/gcc/arm-none-eabi/14.3.1/thumb/v7e-m+dp/hard/crtn.o

.comment        0x00000000       0x43
 .comment       0x00000000       0x43 build/Src/startup_stm32h750xx.o
                                 0x44 (size before relaxing)
 .comment       0x00000043       0x44 build/Src/main.o
 .comment       0x00000043       0x44 build/Src/system_stm32h7xx.o
 .comment       0x00000043       0x44 build/Src/stm32h7xx_it.o
 .comment       0x00000043       0x44 build/Src/stm32h7xx_hal_msp.o
 .comment       0x00000043       0x44 build/Src/gpio.o
 .comment       0x00000043       0x44 build/Src/dcmi.o
 .comment       0x00000043       0x44 build/Src/dma.o
 .comment       0x00000043       0x44 build/Src/i2c.o
 .comment       0x00000043       0x44 build/Src/spi.o
 .comment       0x00000043       0x44 build/Src/tim.o
 .comment       0x00000043       0x44 build/Src/llie_pipeline.o
 .comment       0x00000043       0x44 build/Src/llie_weights.o
 .comment       0x00000043       0x44 build/Drivers/BSP/Camera/camera.o
 .comment       0x00000043       0x44 build/Drivers/BSP/Camera/ov5640.o
 .comment       0x00000043       0x44 build/Drivers/BSP/Camera/ov5640_regs.o
 .comment       0x00000043       0x44 build/Drivers/BSP/ST7735/st7735_min.o
 .comment       0x00000043       0x44 build/Drivers/STM32H7xx_HAL_Driver/Src/stm32h7xx_hal.o
 .comment       0x00000043       0x44 build/Drivers/STM32H7xx_HAL_Driver/Src/stm32h7xx_hal_cortex.o
 .comment       0x00000043       0x44 build/Drivers/STM32H7xx_HAL_Driver/Src/stm32h7xx_hal_dcmi.o
 .comment       0x00000043       0x44 build/Drivers/STM32H7xx_HAL_Driver/Src/stm32h7xx_hal_dma.o
 .comment       0x00000043       0x44 build/Drivers/STM32H7xx_HAL_Driver/Src/stm32h7xx_hal_dma_ex.o
 .comment       0x00000043       0x44 build/Drivers/STM32H7xx_HAL_Driver/Src/stm32h7xx_hal_gpio.o
 .comment       0x00000043       0x44 build/Drivers/STM32H7xx_HAL_Driver/Src/stm32h7xx_hal_i2c.o
 .comment       0x00000043       0x44 build/Drivers/STM32H7xx_HAL_Driver/Src/stm32h7xx_hal_i2c_ex.o
 .comment       0x00000043       0x44 build/Drivers/STM32H7xx_HAL_Driver/Src/stm32h7xx_hal_pwr_ex.o
 .comment       0x00000043       0x44 build/Drivers/STM32H7xx_HAL_Driver/Src/stm32h7xx_hal_rcc.o
 .comment       0x00000043       0x44 build/Drivers/STM32H7xx_HAL_Driver/Src/stm32h7xx_hal_rcc_ex.o
 .comment       0x00000043       0x44 build/Drivers/STM32H7xx_HAL_Driver/Src/stm32h7xx_hal_spi.o
 .comment       0x00000043       0x44 build/Drivers/STM32H7xx_HAL_Driver/Src/stm32h7xx_hal_tim.o
 .comment       0x00000043       0x44 build/Drivers/STM32H7xx_HAL_Driver/Src/stm32h7xx_hal_tim_ex.o

.debug_frame    0x00000000       0x20
 .debug_frame   0x00000000       0x20 C:/ST/STM32CubeCLT_1.21.0/GNU-tools-for-STM32/bin/../lib/gcc/arm-none-eabi/14.3.1/../../../../arm-none-eabi/lib/thumb/v7e-m+dp/hard\libc_nano.a(libc_a-memset.o)

Cross Reference Table

Symbol                                            File
ADC3_IRQHandler                                   build/Src/startup_stm32h750xx.o
ADC_IRQHandler                                    build/Src/startup_stm32h750xx.o
BDMA_Channel0_IRQHandler                          build/Src/startup_stm32h750xx.o
BDMA_Channel1_IRQHandler                          build/Src/startup_stm32h750xx.o
BDMA_Channel2_IRQHandler                          build/Src/startup_stm32h750xx.o
BDMA_Channel3_IRQHandler                          build/Src/startup_stm32h750xx.o
BDMA_Channel4_IRQHandler                          build/Src/startup_stm32h750xx.o
BDMA_Channel5_IRQHandler                          build/Src/startup_stm32h750xx.o
BDMA_Channel6_IRQHandler                          build/Src/startup_stm32h750xx.o
BDMA_Channel7_IRQHandler                          build/Src/startup_stm32h750xx.o
BusFault_Handler                                  build/Src/stm32h7xx_it.o
                                                  build/Src/startup_stm32h750xx.o
CEC_IRQHandler                                    build/Src/startup_stm32h750xx.o
COMP1_IRQHandler                                  build/Src/startup_stm32h750xx.o
CRS_IRQHandler                                    build/Src/startup_stm32h750xx.o
CRYP_IRQHandler                                   build/Src/startup_stm32h750xx.o
Camera_Init_Device                                build/Drivers/BSP/Camera/camera.o
                                                  build/Src/main.o
Camera_ReadRegb2                                  build/Drivers/BSP/Camera/camera.o
                                                  build/Drivers/BSP/Camera/ov5640.o
Camera_WriteRegb2                                 build/Drivers/BSP/Camera/camera.o
                                                  build/Drivers/BSP/Camera/ov5640.o
Camera_read_id                                    build/Drivers/BSP/Camera/camera.o
D1CorePrescTable                                  build/Src/system_stm32h7xx.o
                                                  build/Drivers/STM32H7xx_HAL_Driver/Src/stm32h7xx_hal_rcc_ex.o
                                                  build/Drivers/STM32H7xx_HAL_Driver/Src/stm32h7xx_hal_rcc.o
                                                  build/Drivers/STM32H7xx_HAL_Driver/Src/stm32h7xx_hal.o
DCMI_IRQHandler                                   build/Src/stm32h7xx_it.o
                                                  build/Src/startup_stm32h750xx.o
DFSDM1_FLT0_IRQHandler                            build/Src/startup_stm32h750xx.o
DFSDM1_FLT1_IRQHandler                            build/Src/startup_stm32h750xx.o
DFSDM1_FLT2_IRQHandler                            build/Src/startup_stm32h750xx.o
DFSDM1_FLT3_IRQHandler                            build/Src/startup_stm32h750xx.o
DMA1_Stream0_IRQHandler                           build/Src/stm32h7xx_it.o
                                                  build/Src/startup_stm32h750xx.o
DMA1_Stream1_IRQHandler                           build/Src/startup_stm32h750xx.o
DMA1_Stream2_IRQHandler                           build/Src/startup_stm32h750xx.o
DMA1_Stream3_IRQHandler                           build/Src/startup_stm32h750xx.o
DMA1_Stream4_IRQHandler                           build/Src/startup_stm32h750xx.o
DMA1_Stream5_IRQHandler                           build/Src/startup_stm32h750xx.o
DMA1_Stream6_IRQHandler                           build/Src/startup_stm32h750xx.o
DMA1_Stream7_IRQHandler                           build/Src/startup_stm32h750xx.o
DMA2D_IRQHandler                                  build/Src/startup_stm32h750xx.o
DMA2_Stream0_IRQHandler                           build/Src/startup_stm32h750xx.o
DMA2_Stream1_IRQHandler                           build/Src/startup_stm32h750xx.o
DMA2_Stream2_IRQHandler                           build/Src/startup_stm32h750xx.o
DMA2_Stream3_IRQHandler                           build/Src/startup_stm32h750xx.o
DMA2_Stream4_IRQHandler                           build/Src/startup_stm32h750xx.o
DMA2_Stream5_IRQHandler                           build/Src/startup_stm32h750xx.o
DMA2_Stream6_IRQHandler                           build/Src/startup_stm32h750xx.o
DMA2_Stream7_IRQHandler                           build/Src/startup_stm32h750xx.o
DMAMUX1_OVR_IRQHandler                            build/Src/startup_stm32h750xx.o
DMAMUX2_OVR_IRQHandler                            build/Src/startup_stm32h750xx.o
DebugMon_Handler                                  build/Src/stm32h7xx_it.o
                                                  build/Src/startup_stm32h750xx.o
Default_Handler                                   build/Src/startup_stm32h750xx.o
ECC_IRQHandler                                    build/Src/startup_stm32h750xx.o
ETH_IRQHandler                                    build/Src/startup_stm32h750xx.o
ETH_WKUP_IRQHandler                               build/Src/startup_stm32h750xx.o
EXTI0_IRQHandler                                  build/Src/startup_stm32h750xx.o
EXTI15_10_IRQHandler                              build/Src/startup_stm32h750xx.o
EXTI1_IRQHandler                                  build/Src/startup_stm32h750xx.o
EXTI2_IRQHandler                                  build/Src/startup_stm32h750xx.o
EXTI3_IRQHandler                                  build/Src/startup_stm32h750xx.o
EXTI4_IRQHandler                                  build/Src/startup_stm32h750xx.o
EXTI9_5_IRQHandler                                build/Src/startup_stm32h750xx.o
Error_Handler                                     build/Src/main.o
                                                  build/Src/tim.o
                                                  build/Src/spi.o
                                                  build/Src/i2c.o
                                                  build/Src/dcmi.o
FDCAN1_IT0_IRQHandler                             build/Src/startup_stm32h750xx.o
FDCAN1_IT1_IRQHandler                             build/Src/startup_stm32h750xx.o
FDCAN2_IT0_IRQHandler                             build/Src/startup_stm32h750xx.o
FDCAN2_IT1_IRQHandler                             build/Src/startup_stm32h750xx.o
FDCAN_CAL_IRQHandler                              build/Src/startup_stm32h750xx.o
FLASH_CRC_WaitForLastOperation                    build/Drivers/STM32H7xx_HAL_Driver/Src/stm32h7xx_hal_flash.o
                                                  build/Drivers/STM32H7xx_HAL_Driver/Src/stm32h7xx_hal_flash_ex.o
FLASH_Erase_Sector                                build/Drivers/STM32H7xx_HAL_Driver/Src/stm32h7xx_hal_flash_ex.o
                                                  build/Drivers/STM32H7xx_HAL_Driver/Src/stm32h7xx_hal_flash.o
FLASH_IRQHandler                                  build/Src/startup_stm32h750xx.o
FLASH_OB_WaitForLastOperation                     build/Drivers/STM32H7xx_HAL_Driver/Src/stm32h7xx_hal_flash.o
                                                  build/Drivers/STM32H7xx_HAL_Driver/Src/stm32h7xx_hal_flash_ex.o
FLASH_WaitForLastOperation                        build/Drivers/STM32H7xx_HAL_Driver/Src/stm32h7xx_hal_flash.o
                                                  build/Drivers/STM32H7xx_HAL_Driver/Src/stm32h7xx_hal_flash_ex.o
FMC_IRQHandler                                    build/Src/startup_stm32h750xx.o
FPU_IRQHandler                                    build/Src/startup_stm32h750xx.o
HAL_DBGMCU_DisableDBGSleepMode                    build/Drivers/STM32H7xx_HAL_Driver/Src/stm32h7xx_hal.o
HAL_DBGMCU_DisableDBGStandbyMode                  build/Drivers/STM32H7xx_HAL_Driver/Src/stm32h7xx_hal.o
HAL_DBGMCU_DisableDBGStopMode                     build/Drivers/STM32H7xx_HAL_Driver/Src/stm32h7xx_hal.o
HAL_DBGMCU_EnableDBGSleepMode                     build/Drivers/STM32H7xx_HAL_Driver/Src/stm32h7xx_hal.o
HAL_DBGMCU_EnableDBGStandbyMode                   build/Drivers/STM32H7xx_HAL_Driver/Src/stm32h7xx_hal.o
HAL_DBGMCU_EnableDBGStopMode                      build/Drivers/STM32H7xx_HAL_Driver/Src/stm32h7xx_hal.o
HAL_DCMI_ConfigCrop                               build/Drivers/STM32H7xx_HAL_Driver/Src/stm32h7xx_hal_dcmi.o
HAL_DCMI_ConfigSyncUnmask                         build/Drivers/STM32H7xx_HAL_Driver/Src/stm32h7xx_hal_dcmi.o
HAL_DCMI_DeInit                                   build/Drivers/STM32H7xx_HAL_Driver/Src/stm32h7xx_hal_dcmi.o
HAL_DCMI_DisableCrop                              build/Drivers/STM32H7xx_HAL_Driver/Src/stm32h7xx_hal_dcmi.o
HAL_DCMI_EnableCrop                               build/Drivers/STM32H7xx_HAL_Driver/Src/stm32h7xx_hal_dcmi.o
HAL_DCMI_ErrorCallback                            build/Drivers/STM32H7xx_HAL_Driver/Src/stm32h7xx_hal_dcmi.o
HAL_DCMI_FrameEventCallback                       build/Src/main.o
HAL_DCMI_GetError                                 build/Drivers/STM32H7xx_HAL_Driver/Src/stm32h7xx_hal_dcmi.o
HAL_DCMI_GetState                                 build/Drivers/STM32H7xx_HAL_Driver/Src/stm32h7xx_hal_dcmi.o
HAL_DCMI_IRQHandler                               build/Drivers/STM32H7xx_HAL_Driver/Src/stm32h7xx_hal_dcmi.o
                                                  build/Src/stm32h7xx_it.o
HAL_DCMI_Init                                     build/Drivers/STM32H7xx_HAL_Driver/Src/stm32h7xx_hal_dcmi.o
                                                  build/Src/dcmi.o
HAL_DCMI_LineEventCallback                        build/Drivers/STM32H7xx_HAL_Driver/Src/stm32h7xx_hal_dcmi.o
HAL_DCMI_MspDeInit                                build/Src/dcmi.o
HAL_DCMI_MspInit                                  build/Src/dcmi.o
HAL_DCMI_Resume                                   build/Drivers/STM32H7xx_HAL_Driver/Src/stm32h7xx_hal_dcmi.o
HAL_DCMI_Start_DMA                                build/Drivers/STM32H7xx_HAL_Driver/Src/stm32h7xx_hal_dcmi.o
                                                  build/Src/main.o
HAL_DCMI_Stop                                     build/Drivers/STM32H7xx_HAL_Driver/Src/stm32h7xx_hal_dcmi.o
HAL_DCMI_Suspend                                  build/Drivers/STM32H7xx_HAL_Driver/Src/stm32h7xx_hal_dcmi.o
HAL_DCMI_VsyncEventCallback                       build/Drivers/STM32H7xx_HAL_Driver/Src/stm32h7xx_hal_dcmi.o
HAL_DMAEx_ChangeMemory                            build/Drivers/STM32H7xx_HAL_Driver/Src/stm32h7xx_hal_dma_ex.o
                                                  build/Drivers/STM32H7xx_HAL_Driver/Src/stm32h7xx_hal_dcmi.o
HAL_DMAEx_ConfigMuxRequestGenerator               build/Drivers/STM32H7xx_HAL_Driver/Src/stm32h7xx_hal_dma_ex.o
HAL_DMAEx_ConfigMuxSync                           build/Drivers/STM32H7xx_HAL_Driver/Src/stm32h7xx_hal_dma_ex.o
HAL_DMAEx_DisableMuxRequestGenerator              build/Drivers/STM32H7xx_HAL_Driver/Src/stm32h7xx_hal_dma_ex.o
HAL_DMAEx_EnableMuxRequestGenerator               build/Drivers/STM32H7xx_HAL_Driver/Src/stm32h7xx_hal_dma_ex.o
HAL_DMAEx_MUX_IRQHandler                          build/Drivers/STM32H7xx_HAL_Driver/Src/stm32h7xx_hal_dma_ex.o
HAL_DMAEx_MultiBufferStart                        build/Drivers/STM32H7xx_HAL_Driver/Src/stm32h7xx_hal_dma_ex.o
HAL_DMAEx_MultiBufferStart_IT                     build/Drivers/STM32H7xx_HAL_Driver/Src/stm32h7xx_hal_dma_ex.o
                                                  build/Drivers/STM32H7xx_HAL_Driver/Src/stm32h7xx_hal_dcmi.o
HAL_DMA_Abort                                     build/Drivers/STM32H7xx_HAL_Driver/Src/stm32h7xx_hal_dma.o
                                                  build/Drivers/STM32H7xx_HAL_Driver/Src/stm32h7xx_hal_spi.o
                                                  build/Drivers/STM32H7xx_HAL_Driver/Src/stm32h7xx_hal_dcmi.o
HAL_DMA_Abort_IT                                  build/Drivers/STM32H7xx_HAL_Driver/Src/stm32h7xx_hal_dma.o
                                                  build/Drivers/STM32H7xx_HAL_Driver/Src/stm32h7xx_hal_tim_ex.o
                                                  build/Drivers/STM32H7xx_HAL_Driver/Src/stm32h7xx_hal_tim.o
                                                  build/Drivers/STM32H7xx_HAL_Driver/Src/stm32h7xx_hal_spi.o
                                                  build/Drivers/STM32H7xx_HAL_Driver/Src/stm32h7xx_hal_i2c.o
                                                  build/Drivers/STM32H7xx_HAL_Driver/Src/stm32h7xx_hal_dcmi.o
HAL_DMA_DeInit                                    build/Drivers/STM32H7xx_HAL_Driver/Src/stm32h7xx_hal_dma.o
                                                  build/Src/dcmi.o
HAL_DMA_GetError                                  build/Drivers/STM32H7xx_HAL_Driver/Src/stm32h7xx_hal_dma.o
                                                  build/Drivers/STM32H7xx_HAL_Driver/Src/stm32h7xx_hal_spi.o
                                                  build/Drivers/STM32H7xx_HAL_Driver/Src/stm32h7xx_hal_i2c.o
HAL_DMA_GetState                                  build/Drivers/STM32H7xx_HAL_Driver/Src/stm32h7xx_hal_dma.o
                                                  build/Drivers/STM32H7xx_HAL_Driver/Src/stm32h7xx_hal_i2c.o
HAL_DMA_IRQHandler                                build/Drivers/STM32H7xx_HAL_Driver/Src/stm32h7xx_hal_dma.o
                                                  build/Src/stm32h7xx_it.o
HAL_DMA_Init                                      build/Drivers/STM32H7xx_HAL_Driver/Src/stm32h7xx_hal_dma.o
                                                  build/Src/dcmi.o
HAL_DMA_PollForTransfer                           build/Drivers/STM32H7xx_HAL_Driver/Src/stm32h7xx_hal_dma.o
HAL_DMA_RegisterCallback                          build/Drivers/STM32H7xx_HAL_Driver/Src/stm32h7xx_hal_dma.o
HAL_DMA_Start                                     build/Drivers/STM32H7xx_HAL_Driver/Src/stm32h7xx_hal_dma.o
HAL_DMA_Start_IT                                  build/Drivers/STM32H7xx_HAL_Driver/Src/stm32h7xx_hal_dma.o
                                                  build/Drivers/STM32H7xx_HAL_Driver/Src/stm32h7xx_hal_tim_ex.o
                                                  build/Drivers/STM32H7xx_HAL_Driver/Src/stm32h7xx_hal_tim.o
                                                  build/Drivers/STM32H7xx_HAL_Driver/Src/stm32h7xx_hal_spi.o
                                                  build/Drivers/STM32H7xx_HAL_Driver/Src/stm32h7xx_hal_i2c.o
                                                  build/Drivers/STM32H7xx_HAL_Driver/Src/stm32h7xx_hal_dcmi.o
HAL_DMA_UnRegisterCallback                        build/Drivers/STM32H7xx_HAL_Driver/Src/stm32h7xx_hal_dma.o
HAL_DeInit                                        build/Drivers/STM32H7xx_HAL_Driver/Src/stm32h7xx_hal.o
HAL_Delay                                         build/Drivers/STM32H7xx_HAL_Driver/Src/stm32h7xx_hal.o
                                                  build/Drivers/BSP/ST7735/st7735_min.o
                                                  build/Drivers/BSP/Camera/ov5640.o
HAL_DisableCompensationCell                       build/Drivers/STM32H7xx_HAL_Driver/Src/stm32h7xx_hal.o
HAL_EXTI_D1_ClearFlag                             build/Drivers/STM32H7xx_HAL_Driver/Src/stm32h7xx_hal.o
HAL_EXTI_D1_EventInputConfig                      build/Drivers/STM32H7xx_HAL_Driver/Src/stm32h7xx_hal.o
HAL_EXTI_D3_EventInputConfig                      build/Drivers/STM32H7xx_HAL_Driver/Src/stm32h7xx_hal.o
HAL_EXTI_EdgeConfig                               build/Drivers/STM32H7xx_HAL_Driver/Src/stm32h7xx_hal.o
HAL_EXTI_GenerateSWInterrupt                      build/Drivers/STM32H7xx_HAL_Driver/Src/stm32h7xx_hal.o
HAL_EnableCompensationCell                        build/Drivers/STM32H7xx_HAL_Driver/Src/stm32h7xx_hal.o
HAL_FLASHEx_ComputeCRC                            build/Drivers/STM32H7xx_HAL_Driver/Src/stm32h7xx_hal_flash_ex.o
HAL_FLASHEx_Erase                                 build/Drivers/STM32H7xx_HAL_Driver/Src/stm32h7xx_hal_flash_ex.o
HAL_FLASHEx_Erase_IT                              build/Drivers/STM32H7xx_HAL_Driver/Src/stm32h7xx_hal_flash_ex.o
HAL_FLASHEx_Lock_Bank1                            build/Drivers/STM32H7xx_HAL_Driver/Src/stm32h7xx_hal_flash_ex.o
HAL_FLASHEx_OBGetConfig                           build/Drivers/STM32H7xx_HAL_Driver/Src/stm32h7xx_hal_flash_ex.o
HAL_FLASHEx_OBProgram                             build/Drivers/STM32H7xx_HAL_Driver/Src/stm32h7xx_hal_flash_ex.o
HAL_FLASHEx_Unlock_Bank1                          build/Drivers/STM32H7xx_HAL_Driver/Src/stm32h7xx_hal_flash_ex.o
HAL_FLASH_EndOfOperationCallback                  build/Drivers/STM32H7xx_HAL_Driver/Src/stm32h7xx_hal_flash.o
HAL_FLASH_GetError                                build/Drivers/STM32H7xx_HAL_Driver/Src/stm32h7xx_hal_flash.o
HAL_FLASH_IRQHandler                              build/Drivers/STM32H7xx_HAL_Driver/Src/stm32h7xx_hal_flash.o
HAL_FLASH_Lock                                    build/Drivers/STM32H7xx_HAL_Driver/Src/stm32h7xx_hal_flash.o
HAL_FLASH_OB_Launch                               build/Drivers/STM32H7xx_HAL_Driver/Src/stm32h7xx_hal_flash.o
HAL_FLASH_OB_Lock                                 build/Drivers/STM32H7xx_HAL_Driver/Src/stm32h7xx_hal_flash.o
HAL_FLASH_OB_Unlock                               build/Drivers/STM32H7xx_HAL_Driver/Src/stm32h7xx_hal_flash.o
HAL_FLASH_OperationErrorCallback                  build/Drivers/STM32H7xx_HAL_Driver/Src/stm32h7xx_hal_flash.o
HAL_FLASH_Program                                 build/Drivers/STM32H7xx_HAL_Driver/Src/stm32h7xx_hal_flash.o
HAL_FLASH_Program_IT                              build/Drivers/STM32H7xx_HAL_Driver/Src/stm32h7xx_hal_flash.o
HAL_FLASH_Unlock                                  build/Drivers/STM32H7xx_HAL_Driver/Src/stm32h7xx_hal_flash.o
HAL_GPIO_DeInit                                   build/Drivers/STM32H7xx_HAL_Driver/Src/stm32h7xx_hal_gpio.o
                                                  build/Src/spi.o
                                                  build/Src/i2c.o
                                                  build/Src/dcmi.o
HAL_GPIO_EXTI_Callback                            build/Drivers/STM32H7xx_HAL_Driver/Src/stm32h7xx_hal_gpio.o
HAL_GPIO_EXTI_IRQHandler                          build/Drivers/STM32H7xx_HAL_Driver/Src/stm32h7xx_hal_gpio.o
HAL_GPIO_Init                                     build/Drivers/STM32H7xx_HAL_Driver/Src/stm32h7xx_hal_gpio.o
                                                  build/Drivers/STM32H7xx_HAL_Driver/Src/stm32h7xx_hal_rcc.o
                                                  build/Src/tim.o
                                                  build/Src/spi.o
                                                  build/Src/i2c.o
                                                  build/Src/dcmi.o
                                                  build/Src/gpio.o
HAL_GPIO_LockPin                                  build/Drivers/STM32H7xx_HAL_Driver/Src/stm32h7xx_hal_gpio.o
HAL_GPIO_ReadPin                                  build/Drivers/STM32H7xx_HAL_Driver/Src/stm32h7xx_hal_gpio.o
                                                  build/Src/main.o
HAL_GPIO_TogglePin                                build/Drivers/STM32H7xx_HAL_Driver/Src/stm32h7xx_hal_gpio.o
HAL_GPIO_WritePin                                 build/Drivers/STM32H7xx_HAL_Driver/Src/stm32h7xx_hal_gpio.o
                                                  build/Drivers/BSP/ST7735/st7735_min.o
                                                  build/Src/gpio.o
HAL_GetCurrentCPUID                               build/Drivers/STM32H7xx_HAL_Driver/Src/stm32h7xx_hal_cortex.o
HAL_GetDEVID                                      build/Drivers/STM32H7xx_HAL_Driver/Src/stm32h7xx_hal.o
HAL_GetFMCMemorySwappingConfig                    build/Drivers/STM32H7xx_HAL_Driver/Src/stm32h7xx_hal.o
HAL_GetHalVersion                                 build/Drivers/STM32H7xx_HAL_Driver/Src/stm32h7xx_hal.o
HAL_GetREVID                                      build/Drivers/STM32H7xx_HAL_Driver/Src/stm32h7xx_hal.o
                                                  build/Drivers/STM32H7xx_HAL_Driver/Src/stm32h7xx_hal_rcc_ex.o
                                                  build/Drivers/STM32H7xx_HAL_Driver/Src/stm32h7xx_hal_rcc.o
HAL_GetTick                                       build/Drivers/STM32H7xx_HAL_Driver/Src/stm32h7xx_hal.o
                                                  build/Drivers/STM32H7xx_HAL_Driver/Src/stm32h7xx_hal_spi.o
                                                  build/Drivers/STM32H7xx_HAL_Driver/Src/stm32h7xx_hal_rcc_ex.o
                                                  build/Drivers/STM32H7xx_HAL_Driver/Src/stm32h7xx_hal_rcc.o
                                                  build/Drivers/STM32H7xx_HAL_Driver/Src/stm32h7xx_hal_pwr_ex.o
                                                  build/Drivers/STM32H7xx_HAL_Driver/Src/stm32h7xx_hal_i2c.o
                                                  build/Drivers/STM32H7xx_HAL_Driver/Src/stm32h7xx_hal_flash.o
                                                  build/Drivers/STM32H7xx_HAL_Driver/Src/stm32h7xx_hal_dma.o
                                                  build/Src/main.o
HAL_GetTickFreq                                   build/Drivers/STM32H7xx_HAL_Driver/Src/stm32h7xx_hal.o
HAL_GetTickPrio                                   build/Drivers/STM32H7xx_HAL_Driver/Src/stm32h7xx_hal.o
HAL_GetUIDw0                                      build/Drivers/STM32H7xx_HAL_Driver/Src/stm32h7xx_hal.o
HAL_GetUIDw1                                      build/Drivers/STM32H7xx_HAL_Driver/Src/stm32h7xx_hal.o
HAL_GetUIDw2                                      build/Drivers/STM32H7xx_HAL_Driver/Src/stm32h7xx_hal.o
HAL_I2CEx_ConfigAnalogFilter                      build/Drivers/STM32H7xx_HAL_Driver/Src/stm32h7xx_hal_i2c_ex.o
                                                  build/Src/i2c.o
HAL_I2CEx_ConfigDigitalFilter                     build/Drivers/STM32H7xx_HAL_Driver/Src/stm32h7xx_hal_i2c_ex.o
                                                  build/Src/i2c.o
HAL_I2CEx_DisableFastModePlus                     build/Drivers/STM32H7xx_HAL_Driver/Src/stm32h7xx_hal_i2c_ex.o
HAL_I2CEx_DisableWakeUp                           build/Drivers/STM32H7xx_HAL_Driver/Src/stm32h7xx_hal_i2c_ex.o
HAL_I2CEx_EnableFastModePlus                      build/Drivers/STM32H7xx_HAL_Driver/Src/stm32h7xx_hal_i2c_ex.o
HAL_I2CEx_EnableWakeUp                            build/Drivers/STM32H7xx_HAL_Driver/Src/stm32h7xx_hal_i2c_ex.o
HAL_I2C_AbortCpltCallback                         build/Drivers/STM32H7xx_HAL_Driver/Src/stm32h7xx_hal_i2c.o
HAL_I2C_AddrCallback                              build/Drivers/STM32H7xx_HAL_Driver/Src/stm32h7xx_hal_i2c.o
HAL_I2C_DeInit                                    build/Drivers/STM32H7xx_HAL_Driver/Src/stm32h7xx_hal_i2c.o
HAL_I2C_DisableListen_IT                          build/Drivers/STM32H7xx_HAL_Driver/Src/stm32h7xx_hal_i2c.o
HAL_I2C_ER_IRQHandler                             build/Drivers/STM32H7xx_HAL_Driver/Src/stm32h7xx_hal_i2c.o
HAL_I2C_EV_IRQHandler                             build/Drivers/STM32H7xx_HAL_Driver/Src/stm32h7xx_hal_i2c.o
HAL_I2C_EnableListen_IT                           build/Drivers/STM32H7xx_HAL_Driver/Src/stm32h7xx_hal_i2c.o
HAL_I2C_ErrorCallback                             build/Drivers/STM32H7xx_HAL_Driver/Src/stm32h7xx_hal_i2c.o
HAL_I2C_GetError                                  build/Drivers/STM32H7xx_HAL_Driver/Src/stm32h7xx_hal_i2c.o
HAL_I2C_GetMode                                   build/Drivers/STM32H7xx_HAL_Driver/Src/stm32h7xx_hal_i2c.o
HAL_I2C_GetState                                  build/Drivers/STM32H7xx_HAL_Driver/Src/stm32h7xx_hal_i2c.o
HAL_I2C_Init                                      build/Drivers/STM32H7xx_HAL_Driver/Src/stm32h7xx_hal_i2c.o
                                                  build/Src/i2c.o
HAL_I2C_IsDeviceReady                             build/Drivers/STM32H7xx_HAL_Driver/Src/stm32h7xx_hal_i2c.o
HAL_I2C_ListenCpltCallback                        build/Drivers/STM32H7xx_HAL_Driver/Src/stm32h7xx_hal_i2c.o
HAL_I2C_MasterRxCpltCallback                      build/Drivers/STM32H7xx_HAL_Driver/Src/stm32h7xx_hal_i2c.o
HAL_I2C_MasterTxCpltCallback                      build/Drivers/STM32H7xx_HAL_Driver/Src/stm32h7xx_hal_i2c.o
HAL_I2C_Master_Abort_IT                           build/Drivers/STM32H7xx_HAL_Driver/Src/stm32h7xx_hal_i2c.o
HAL_I2C_Master_Receive                            build/Drivers/STM32H7xx_HAL_Driver/Src/stm32h7xx_hal_i2c.o
HAL_I2C_Master_Receive_DMA                        build/Drivers/STM32H7xx_HAL_Driver/Src/stm32h7xx_hal_i2c.o
HAL_I2C_Master_Receive_IT                         build/Drivers/STM32H7xx_HAL_Driver/Src/stm32h7xx_hal_i2c.o
HAL_I2C_Master_Seq_Receive_DMA                    build/Drivers/STM32H7xx_HAL_Driver/Src/stm32h7xx_hal_i2c.o
HAL_I2C_Master_Seq_Receive_IT                     build/Drivers/STM32H7xx_HAL_Driver/Src/stm32h7xx_hal_i2c.o
HAL_I2C_Master_Seq_Transmit_DMA                   build/Drivers/STM32H7xx_HAL_Driver/Src/stm32h7xx_hal_i2c.o
HAL_I2C_Master_Seq_Transmit_IT                    build/Drivers/STM32H7xx_HAL_Driver/Src/stm32h7xx_hal_i2c.o
HAL_I2C_Master_Transmit                           build/Drivers/STM32H7xx_HAL_Driver/Src/stm32h7xx_hal_i2c.o
HAL_I2C_Master_Transmit_DMA                       build/Drivers/STM32H7xx_HAL_Driver/Src/stm32h7xx_hal_i2c.o
HAL_I2C_Master_Transmit_IT                        build/Drivers/STM32H7xx_HAL_Driver/Src/stm32h7xx_hal_i2c.o
HAL_I2C_MemRxCpltCallback                         build/Drivers/STM32H7xx_HAL_Driver/Src/stm32h7xx_hal_i2c.o
HAL_I2C_MemTxCpltCallback                         build/Drivers/STM32H7xx_HAL_Driver/Src/stm32h7xx_hal_i2c.o
HAL_I2C_Mem_Read                                  build/Drivers/STM32H7xx_HAL_Driver/Src/stm32h7xx_hal_i2c.o
                                                  build/Drivers/BSP/Camera/camera.o
HAL_I2C_Mem_Read_DMA                              build/Drivers/STM32H7xx_HAL_Driver/Src/stm32h7xx_hal_i2c.o
HAL_I2C_Mem_Read_IT                               build/Drivers/STM32H7xx_HAL_Driver/Src/stm32h7xx_hal_i2c.o
HAL_I2C_Mem_Write                                 build/Drivers/STM32H7xx_HAL_Driver/Src/stm32h7xx_hal_i2c.o
                                                  build/Drivers/BSP/Camera/camera.o
HAL_I2C_Mem_Write_DMA                             build/Drivers/STM32H7xx_HAL_Driver/Src/stm32h7xx_hal_i2c.o
HAL_I2C_Mem_Write_IT                              build/Drivers/STM32H7xx_HAL_Driver/Src/stm32h7xx_hal_i2c.o
HAL_I2C_MspDeInit                                 build/Src/i2c.o
HAL_I2C_MspInit                                   build/Src/i2c.o
HAL_I2C_SlaveRxCpltCallback                       build/Drivers/STM32H7xx_HAL_Driver/Src/stm32h7xx_hal_i2c.o
HAL_I2C_SlaveTxCpltCallback                       build/Drivers/STM32H7xx_HAL_Driver/Src/stm32h7xx_hal_i2c.o
HAL_I2C_Slave_Receive                             build/Drivers/STM32H7xx_HAL_Driver/Src/stm32h7xx_hal_i2c.o
HAL_I2C_Slave_Receive_DMA                         build/Drivers/STM32H7xx_HAL_Driver/Src/stm32h7xx_hal_i2c.o
HAL_I2C_Slave_Receive_IT                          build/Drivers/STM32H7xx_HAL_Driver/Src/stm32h7xx_hal_i2c.o
HAL_I2C_Slave_Seq_Receive_DMA                     build/Drivers/STM32H7xx_HAL_Driver/Src/stm32h7xx_hal_i2c.o
HAL_I2C_Slave_Seq_Receive_IT                      build/Drivers/STM32H7xx_HAL_Driver/Src/stm32h7xx_hal_i2c.o
HAL_I2C_Slave_Seq_Transmit_DMA                    build/Drivers/STM32H7xx_HAL_Driver/Src/stm32h7xx_hal_i2c.o
HAL_I2C_Slave_Seq_Transmit_IT                     build/Drivers/STM32H7xx_HAL_Driver/Src/stm32h7xx_hal_i2c.o
HAL_I2C_Slave_Transmit                            build/Drivers/STM32H7xx_HAL_Driver/Src/stm32h7xx_hal_i2c.o
HAL_I2C_Slave_Transmit_DMA                        build/Drivers/STM32H7xx_HAL_Driver/Src/stm32h7xx_hal_i2c.o
HAL_I2C_Slave_Transmit_IT                         build/Drivers/STM32H7xx_HAL_Driver/Src/stm32h7xx_hal_i2c.o
HAL_IncTick                                       build/Drivers/STM32H7xx_HAL_Driver/Src/stm32h7xx_hal.o
                                                  build/Src/stm32h7xx_it.o
HAL_Init                                          build/Drivers/STM32H7xx_HAL_Driver/Src/stm32h7xx_hal.o
                                                  build/Src/main.o
HAL_InitTick                                      build/Drivers/STM32H7xx_HAL_Driver/Src/stm32h7xx_hal.o
                                                  build/Drivers/STM32H7xx_HAL_Driver/Src/stm32h7xx_hal_rcc.o
HAL_MPU_ConfigRegion                              build/Drivers/STM32H7xx_HAL_Driver/Src/stm32h7xx_hal_cortex.o
                                                  build/Src/main.o
HAL_MPU_Disable                                   build/Drivers/STM32H7xx_HAL_Driver/Src/stm32h7xx_hal_cortex.o
                                                  build/Src/main.o
HAL_MPU_Enable                                    build/Drivers/STM32H7xx_HAL_Driver/Src/stm32h7xx_hal_cortex.o
                                                  build/Src/main.o
HAL_MspDeInit                                     build/Drivers/STM32H7xx_HAL_Driver/Src/stm32h7xx_hal.o
HAL_MspInit                                       build/Src/stm32h7xx_hal_msp.o
HAL_NVIC_ClearPendingIRQ                          build/Drivers/STM32H7xx_HAL_Driver/Src/stm32h7xx_hal_cortex.o
HAL_NVIC_DisableIRQ                               build/Drivers/STM32H7xx_HAL_Driver/Src/stm32h7xx_hal_cortex.o
                                                  build/Src/tim.o
                                                  build/Src/dcmi.o
HAL_NVIC_EnableIRQ                                build/Drivers/STM32H7xx_HAL_Driver/Src/stm32h7xx_hal_cortex.o
                                                  build/Src/tim.o
                                                  build/Src/dma.o
                                                  build/Src/dcmi.o
HAL_NVIC_GetActive                                build/Drivers/STM32H7xx_HAL_Driver/Src/stm32h7xx_hal_cortex.o
HAL_NVIC_GetPendingIRQ                            build/Drivers/STM32H7xx_HAL_Driver/Src/stm32h7xx_hal_cortex.o
HAL_NVIC_GetPriority                              build/Drivers/STM32H7xx_HAL_Driver/Src/stm32h7xx_hal_cortex.o
HAL_NVIC_GetPriorityGrouping                      build/Drivers/STM32H7xx_HAL_Driver/Src/stm32h7xx_hal_cortex.o
HAL_NVIC_SetPendingIRQ                            build/Drivers/STM32H7xx_HAL_Driver/Src/stm32h7xx_hal_cortex.o
HAL_NVIC_SetPriority                              build/Drivers/STM32H7xx_HAL_Driver/Src/stm32h7xx_hal_cortex.o
                                                  build/Drivers/STM32H7xx_HAL_Driver/Src/stm32h7xx_hal.o
                                                  build/Src/tim.o
                                                  build/Src/dma.o
                                                  build/Src/dcmi.o
HAL_NVIC_SetPriorityGrouping                      build/Drivers/STM32H7xx_HAL_Driver/Src/stm32h7xx_hal_cortex.o
                                                  build/Drivers/STM32H7xx_HAL_Driver/Src/stm32h7xx_hal.o
HAL_NVIC_SystemReset                              build/Drivers/STM32H7xx_HAL_Driver/Src/stm32h7xx_hal_cortex.o
HAL_PWREx_AVDCallback                             build/Drivers/STM32H7xx_HAL_Driver/Src/stm32h7xx_hal_pwr_ex.o
HAL_PWREx_ClearPendingEvent                       build/Drivers/STM32H7xx_HAL_Driver/Src/stm32h7xx_hal_pwr_ex.o
HAL_PWREx_ClearWakeupFlag                         build/Drivers/STM32H7xx_HAL_Driver/Src/stm32h7xx_hal_pwr_ex.o
HAL_PWREx_ConfigAVD                               build/Drivers/STM32H7xx_HAL_Driver/Src/stm32h7xx_hal_pwr_ex.o
HAL_PWREx_ConfigD3Domain                          build/Drivers/STM32H7xx_HAL_Driver/Src/stm32h7xx_hal_pwr_ex.o
HAL_PWREx_ConfigSupply                            build/Drivers/STM32H7xx_HAL_Driver/Src/stm32h7xx_hal_pwr_ex.o
                                                  build/Src/main.o
HAL_PWREx_ControlStopModeVoltageScaling           build/Drivers/STM32H7xx_HAL_Driver/Src/stm32h7xx_hal_pwr_ex.o
HAL_PWREx_ControlVoltageScaling                   build/Drivers/STM32H7xx_HAL_Driver/Src/stm32h7xx_hal_pwr_ex.o
HAL_PWREx_DisableAVD                              build/Drivers/STM32H7xx_HAL_Driver/Src/stm32h7xx_hal_pwr_ex.o
HAL_PWREx_DisableBatteryCharging                  build/Drivers/STM32H7xx_HAL_Driver/Src/stm32h7xx_hal_pwr_ex.o
HAL_PWREx_DisableBkUpReg                          build/Drivers/STM32H7xx_HAL_Driver/Src/stm32h7xx_hal_pwr_ex.o
HAL_PWREx_DisableFlashPowerDown                   build/Drivers/STM32H7xx_HAL_Driver/Src/stm32h7xx_hal_pwr_ex.o
HAL_PWREx_DisableMonitoring                       build/Drivers/STM32H7xx_HAL_Driver/Src/stm32h7xx_hal_pwr_ex.o
HAL_PWREx_DisableUSBReg                           build/Drivers/STM32H7xx_HAL_Driver/Src/stm32h7xx_hal_pwr_ex.o
HAL_PWREx_DisableUSBVoltageDetector               build/Drivers/STM32H7xx_HAL_Driver/Src/stm32h7xx_hal_pwr_ex.o
HAL_PWREx_DisableWakeUpPin                        build/Drivers/STM32H7xx_HAL_Driver/Src/stm32h7xx_hal_pwr_ex.o
HAL_PWREx_EnableAVD                               build/Drivers/STM32H7xx_HAL_Driver/Src/stm32h7xx_hal_pwr_ex.o
HAL_PWREx_EnableBatteryCharging                   build/Drivers/STM32H7xx_HAL_Driver/Src/stm32h7xx_hal_pwr_ex.o
HAL_PWREx_EnableBkUpReg                           build/Drivers/STM32H7xx_HAL_Driver/Src/stm32h7xx_hal_pwr_ex.o
HAL_PWREx_EnableFlashPowerDown                    build/Drivers/STM32H7xx_HAL_Driver/Src/stm32h7xx_hal_pwr_ex.o
HAL_PWREx_EnableMonitoring                        build/Drivers/STM32H7xx_HAL_Driver/Src/stm32h7xx_hal_pwr_ex.o
HAL_PWREx_EnableUSBReg                            build/Drivers/STM32H7xx_HAL_Driver/Src/stm32h7xx_hal_pwr_ex.o
HAL_PWREx_EnableUSBVoltageDetector                build/Drivers/STM32H7xx_HAL_Driver/Src/stm32h7xx_hal_pwr_ex.o
HAL_PWREx_EnableWakeUpPin                         build/Drivers/STM32H7xx_HAL_Driver/Src/stm32h7xx_hal_pwr_ex.o
HAL_PWREx_EnterSTANDBYMode                        build/Drivers/STM32H7xx_HAL_Driver/Src/stm32h7xx_hal_pwr_ex.o
HAL_PWREx_EnterSTOPMode                           build/Drivers/STM32H7xx_HAL_Driver/Src/stm32h7xx_hal_pwr_ex.o
HAL_PWREx_GetStopModeVoltageRange                 build/Drivers/STM32H7xx_HAL_Driver/Src/stm32h7xx_hal_pwr_ex.o
HAL_PWREx_GetSupplyConfig                         build/Drivers/STM32H7xx_HAL_Driver/Src/stm32h7xx_hal_pwr_ex.o
HAL_PWREx_GetTemperatureLevel                     build/Drivers/STM32H7xx_HAL_Driver/Src/stm32h7xx_hal_pwr_ex.o
HAL_PWREx_GetVBATLevel                            build/Drivers/STM32H7xx_HAL_Driver/Src/stm32h7xx_hal_pwr_ex.o
HAL_PWREx_GetVoltageRange                         build/Drivers/STM32H7xx_HAL_Driver/Src/stm32h7xx_hal_pwr_ex.o
HAL_PWREx_GetWakeupFlag                           build/Drivers/STM32H7xx_HAL_Driver/Src/stm32h7xx_hal_pwr_ex.o
HAL_PWREx_PVD_AVD_IRQHandler                      build/Drivers/STM32H7xx_HAL_Driver/Src/stm32h7xx_hal_pwr_ex.o
HAL_PWREx_WAKEUP_PIN_IRQHandler                   build/Drivers/STM32H7xx_HAL_Driver/Src/stm32h7xx_hal_pwr_ex.o
HAL_PWREx_WKUP1_Callback                          build/Drivers/STM32H7xx_HAL_Driver/Src/stm32h7xx_hal_pwr_ex.o
HAL_PWREx_WKUP2_Callback                          build/Drivers/STM32H7xx_HAL_Driver/Src/stm32h7xx_hal_pwr_ex.o
HAL_PWREx_WKUP3_Callback                          build/Drivers/STM32H7xx_HAL_Driver/Src/stm32h7xx_hal_pwr_ex.o
HAL_PWREx_WKUP4_Callback                          build/Drivers/STM32H7xx_HAL_Driver/Src/stm32h7xx_hal_pwr_ex.o
HAL_PWREx_WKUP5_Callback                          build/Drivers/STM32H7xx_HAL_Driver/Src/stm32h7xx_hal_pwr_ex.o
HAL_PWREx_WKUP6_Callback                          build/Drivers/STM32H7xx_HAL_Driver/Src/stm32h7xx_hal_pwr_ex.o
HAL_PWR_ConfigPVD                                 build/Drivers/STM32H7xx_HAL_Driver/Src/stm32h7xx_hal_pwr.o
HAL_PWR_DeInit                                    build/Drivers/STM32H7xx_HAL_Driver/Src/stm32h7xx_hal_pwr.o
HAL_PWR_DisableBkUpAccess                         build/Drivers/STM32H7xx_HAL_Driver/Src/stm32h7xx_hal_pwr.o
HAL_PWR_DisablePVD                                build/Drivers/STM32H7xx_HAL_Driver/Src/stm32h7xx_hal_pwr.o
HAL_PWR_DisableSEVOnPend                          build/Drivers/STM32H7xx_HAL_Driver/Src/stm32h7xx_hal_pwr.o
HAL_PWR_DisableSleepOnExit                        build/Drivers/STM32H7xx_HAL_Driver/Src/stm32h7xx_hal_pwr.o
HAL_PWR_DisableWakeUpPin                          build/Drivers/STM32H7xx_HAL_Driver/Src/stm32h7xx_hal_pwr.o
HAL_PWR_EnableBkUpAccess                          build/Drivers/STM32H7xx_HAL_Driver/Src/stm32h7xx_hal_pwr.o
HAL_PWR_EnablePVD                                 build/Drivers/STM32H7xx_HAL_Driver/Src/stm32h7xx_hal_pwr.o
HAL_PWR_EnableSEVOnPend                           build/Drivers/STM32H7xx_HAL_Driver/Src/stm32h7xx_hal_pwr.o
HAL_PWR_EnableSleepOnExit                         build/Drivers/STM32H7xx_HAL_Driver/Src/stm32h7xx_hal_pwr.o
HAL_PWR_EnableWakeUpPin                           build/Drivers/STM32H7xx_HAL_Driver/Src/stm32h7xx_hal_pwr.o
HAL_PWR_EnterSLEEPMode                            build/Drivers/STM32H7xx_HAL_Driver/Src/stm32h7xx_hal_pwr.o
HAL_PWR_EnterSTANDBYMode                          build/Drivers/STM32H7xx_HAL_Driver/Src/stm32h7xx_hal_pwr.o
HAL_PWR_EnterSTOPMode                             build/Drivers/STM32H7xx_HAL_Driver/Src/stm32h7xx_hal_pwr.o
HAL_PWR_PVDCallback                               build/Drivers/STM32H7xx_HAL_Driver/Src/stm32h7xx_hal_pwr.o
                                                  build/Drivers/STM32H7xx_HAL_Driver/Src/stm32h7xx_hal_pwr_ex.o
HAL_PWR_PVD_IRQHandler                            build/Drivers/STM32H7xx_HAL_Driver/Src/stm32h7xx_hal_pwr.o
HAL_RCCEx_CRSConfig                               build/Drivers/STM32H7xx_HAL_Driver/Src/stm32h7xx_hal_rcc_ex.o
HAL_RCCEx_CRSGetSynchronizationInfo               build/Drivers/STM32H7xx_HAL_Driver/Src/stm32h7xx_hal_rcc_ex.o
HAL_RCCEx_CRSSoftwareSynchronizationGenerate      build/Drivers/STM32H7xx_HAL_Driver/Src/stm32h7xx_hal_rcc_ex.o
HAL_RCCEx_CRSWaitSynchronization                  build/Drivers/STM32H7xx_HAL_Driver/Src/stm32h7xx_hal_rcc_ex.o
HAL_RCCEx_CRS_ErrorCallback                       build/Drivers/STM32H7xx_HAL_Driver/Src/stm32h7xx_hal_rcc_ex.o
HAL_RCCEx_CRS_ExpectedSyncCallback                build/Drivers/STM32H7xx_HAL_Driver/Src/stm32h7xx_hal_rcc_ex.o
HAL_RCCEx_CRS_IRQHandler                          build/Drivers/STM32H7xx_HAL_Driver/Src/stm32h7xx_hal_rcc_ex.o
HAL_RCCEx_CRS_SyncOkCallback                      build/Drivers/STM32H7xx_HAL_Driver/Src/stm32h7xx_hal_rcc_ex.o
HAL_RCCEx_CRS_SyncWarnCallback                    build/Drivers/STM32H7xx_HAL_Driver/Src/stm32h7xx_hal_rcc_ex.o
HAL_RCCEx_DisableLSECSS                           build/Drivers/STM32H7xx_HAL_Driver/Src/stm32h7xx_hal_rcc_ex.o
HAL_RCCEx_EnableLSECSS                            build/Drivers/STM32H7xx_HAL_Driver/Src/stm32h7xx_hal_rcc_ex.o
HAL_RCCEx_EnableLSECSS_IT                         build/Drivers/STM32H7xx_HAL_Driver/Src/stm32h7xx_hal_rcc_ex.o
HAL_RCCEx_GetD1PCLK1Freq                          build/Drivers/STM32H7xx_HAL_Driver/Src/stm32h7xx_hal_rcc_ex.o
HAL_RCCEx_GetD1SysClockFreq                       build/Drivers/STM32H7xx_HAL_Driver/Src/stm32h7xx_hal_rcc_ex.o
HAL_RCCEx_GetD3PCLK1Freq                          build/Drivers/STM32H7xx_HAL_Driver/Src/stm32h7xx_hal_rcc_ex.o
HAL_RCCEx_GetPLL1ClockFreq                        build/Drivers/STM32H7xx_HAL_Driver/Src/stm32h7xx_hal_rcc_ex.o
HAL_RCCEx_GetPLL2ClockFreq                        build/Drivers/STM32H7xx_HAL_Driver/Src/stm32h7xx_hal_rcc_ex.o
HAL_RCCEx_GetPLL3ClockFreq                        build/Drivers/STM32H7xx_HAL_Driver/Src/stm32h7xx_hal_rcc_ex.o
HAL_RCCEx_GetPeriphCLKConfig                      build/Drivers/STM32H7xx_HAL_Driver/Src/stm32h7xx_hal_rcc_ex.o
HAL_RCCEx_GetPeriphCLKFreq                        build/Drivers/STM32H7xx_HAL_Driver/Src/stm32h7xx_hal_rcc_ex.o
HAL_RCCEx_KerWakeUpStopCLKConfig                  build/Drivers/STM32H7xx_HAL_Driver/Src/stm32h7xx_hal_rcc_ex.o
HAL_RCCEx_LSECSS_Callback                         build/Drivers/STM32H7xx_HAL_Driver/Src/stm32h7xx_hal_rcc_ex.o
HAL_RCCEx_LSECSS_IRQHandler                       build/Drivers/STM32H7xx_HAL_Driver/Src/stm32h7xx_hal_rcc_ex.o
HAL_RCCEx_PeriphCLKConfig                         build/Drivers/STM32H7xx_HAL_Driver/Src/stm32h7xx_hal_rcc_ex.o
                                                  build/Src/spi.o
                                                  build/Src/i2c.o
HAL_RCCEx_WWDGxSysResetConfig                     build/Drivers/STM32H7xx_HAL_Driver/Src/stm32h7xx_hal_rcc_ex.o
HAL_RCCEx_WakeUpStopCLKConfig                     build/Drivers/STM32H7xx_HAL_Driver/Src/stm32h7xx_hal_rcc_ex.o
HAL_RCC_CSSCallback                               build/Drivers/STM32H7xx_HAL_Driver/Src/stm32h7xx_hal_rcc.o
HAL_RCC_ClockConfig                               build/Drivers/STM32H7xx_HAL_Driver/Src/stm32h7xx_hal_rcc.o
                                                  build/Src/main.o
HAL_RCC_DeInit                                    build/Drivers/STM32H7xx_HAL_Driver/Src/stm32h7xx_hal_rcc.o
HAL_RCC_DisableCSS                                build/Drivers/STM32H7xx_HAL_Driver/Src/stm32h7xx_hal_rcc.o
HAL_RCC_EnableCSS                                 build/Drivers/STM32H7xx_HAL_Driver/Src/stm32h7xx_hal_rcc.o
HAL_RCC_GetClockConfig                            build/Drivers/STM32H7xx_HAL_Driver/Src/stm32h7xx_hal_rcc.o
HAL_RCC_GetHCLKFreq                               build/Drivers/STM32H7xx_HAL_Driver/Src/stm32h7xx_hal_rcc.o
                                                  build/Drivers/STM32H7xx_HAL_Driver/Src/stm32h7xx_hal_rcc_ex.o
HAL_RCC_GetOscConfig                              build/Drivers/STM32H7xx_HAL_Driver/Src/stm32h7xx_hal_rcc.o
HAL_RCC_GetPCLK1Freq                              build/Drivers/STM32H7xx_HAL_Driver/Src/stm32h7xx_hal_rcc.o
HAL_RCC_GetPCLK2Freq                              build/Drivers/STM32H7xx_HAL_Driver/Src/stm32h7xx_hal_rcc.o
HAL_RCC_GetSysClockFreq                           build/Drivers/STM32H7xx_HAL_Driver/Src/stm32h7xx_hal_rcc.o
                                                  build/Drivers/STM32H7xx_HAL_Driver/Src/stm32h7xx_hal_rcc_ex.o
                                                  build/Drivers/STM32H7xx_HAL_Driver/Src/stm32h7xx_hal.o
HAL_RCC_MCOConfig                                 build/Drivers/STM32H7xx_HAL_Driver/Src/stm32h7xx_hal_rcc.o
                                                  build/Src/main.o
HAL_RCC_NMI_IRQHandler                            build/Drivers/STM32H7xx_HAL_Driver/Src/stm32h7xx_hal_rcc.o
HAL_RCC_OscConfig                                 build/Drivers/STM32H7xx_HAL_Driver/Src/stm32h7xx_hal_rcc.o
                                                  build/Src/main.o
HAL_ResumeTick                                    build/Drivers/STM32H7xx_HAL_Driver/Src/stm32h7xx_hal.o
HAL_SPIEx_ConfigureUnderrun                       build/Drivers/STM32H7xx_HAL_Driver/Src/stm32h7xx_hal_spi_ex.o
HAL_SPIEx_EnableLockConfiguration                 build/Drivers/STM32H7xx_HAL_Driver/Src/stm32h7xx_hal_spi_ex.o
HAL_SPIEx_FlushRxFifo                             build/Drivers/STM32H7xx_HAL_Driver/Src/stm32h7xx_hal_spi_ex.o
HAL_SPI_Abort                                     build/Drivers/STM32H7xx_HAL_Driver/Src/stm32h7xx_hal_spi.o
HAL_SPI_AbortCpltCallback                         build/Drivers/STM32H7xx_HAL_Driver/Src/stm32h7xx_hal_spi.o
HAL_SPI_Abort_IT                                  build/Drivers/STM32H7xx_HAL_Driver/Src/stm32h7xx_hal_spi.o
HAL_SPI_DMAPause                                  build/Drivers/STM32H7xx_HAL_Driver/Src/stm32h7xx_hal_spi.o
HAL_SPI_DMAResume                                 build/Drivers/STM32H7xx_HAL_Driver/Src/stm32h7xx_hal_spi.o
HAL_SPI_DMAStop                                   build/Drivers/STM32H7xx_HAL_Driver/Src/stm32h7xx_hal_spi.o
HAL_SPI_DeInit                                    build/Drivers/STM32H7xx_HAL_Driver/Src/stm32h7xx_hal_spi.o
HAL_SPI_ErrorCallback                             build/Drivers/STM32H7xx_HAL_Driver/Src/stm32h7xx_hal_spi.o
HAL_SPI_GetError                                  build/Drivers/STM32H7xx_HAL_Driver/Src/stm32h7xx_hal_spi.o
HAL_SPI_GetState                                  build/Drivers/STM32H7xx_HAL_Driver/Src/stm32h7xx_hal_spi.o
HAL_SPI_IRQHandler                                build/Drivers/STM32H7xx_HAL_Driver/Src/stm32h7xx_hal_spi.o
HAL_SPI_Init                                      build/Drivers/STM32H7xx_HAL_Driver/Src/stm32h7xx_hal_spi.o